Archive member included to satisfy reference by file (symbol)

e:/imt/01- imt sdk-20230807t061233z-001/01- imt sdk/imt_sdk_win_64/imt_sdk_win_64/winarm/armgcc/bin/../lib/gcc/arm-none-eabi/7.2.1/thumb/v7e-m\libgcc.a(_arm_addsubdf3.o)
                              ./src/HAL/MPX4115/MPX4115_Prog.o (__aeabi_dsub)
e:/imt/01- imt sdk-20230807t061233z-001/01- imt sdk/imt_sdk_win_64/imt_sdk_win_64/winarm/armgcc/bin/../lib/gcc/arm-none-eabi/7.2.1/thumb/v7e-m\libgcc.a(_arm_muldivdf3.o)
                              ./src/HAL/Ultrasonic/Ultrasonic_Prog.o (__aeabi_dmul)
e:/imt/01- imt sdk-20230807t061233z-001/01- imt sdk/imt_sdk_win_64/imt_sdk_win_64/winarm/armgcc/bin/../lib/gcc/arm-none-eabi/7.2.1/thumb/v7e-m\libgcc.a(_arm_cmpdf2.o)
                              ./src/HAL/LCD/LCD_Prog.o (__aeabi_dcmpeq)
e:/imt/01- imt sdk-20230807t061233z-001/01- imt sdk/imt_sdk_win_64/imt_sdk_win_64/winarm/armgcc/bin/../lib/gcc/arm-none-eabi/7.2.1/thumb/v7e-m\libgcc.a(_arm_fixunsdfsi.o)
                              ./src/HAL/Ultrasonic/Ultrasonic_Prog.o (__aeabi_d2uiz)
e:/imt/01- imt sdk-20230807t061233z-001/01- imt sdk/imt_sdk_win_64/imt_sdk_win_64/winarm/armgcc/bin/../lib/gcc/arm-none-eabi/7.2.1/thumb/v7e-m\libgcc.a(_arm_truncdfsf2.o)
                              ./src/HAL/MPX4115/MPX4115_Prog.o (__aeabi_d2f)
e:/imt/01- imt sdk-20230807t061233z-001/01- imt sdk/imt_sdk_win_64/imt_sdk_win_64/winarm/armgcc/bin/../lib/gcc/arm-none-eabi/7.2.1/thumb/v7e-m\libgcc.a(_arm_addsubsf3.o)
                              ./src/MCAL/MADC/MADC_Prog.o (__aeabi_ui2f)
e:/imt/01- imt sdk-20230807t061233z-001/01- imt sdk/imt_sdk_win_64/imt_sdk_win_64/winarm/armgcc/bin/../lib/gcc/arm-none-eabi/7.2.1/thumb/v7e-m\libgcc.a(_arm_muldivsf3.o)
                              ./src/HAL/MPX4115/MPX4115_Prog.o (__aeabi_fmul)
e:/imt/01- imt sdk-20230807t061233z-001/01- imt sdk/imt_sdk_win_64/imt_sdk_win_64/winarm/armgcc/bin/../lib/gcc/arm-none-eabi/7.2.1/thumb/v7e-m\libgcc.a(_arm_cmpsf2.o)
                              ./src/main.o (__aeabi_fcmplt)
e:/imt/01- imt sdk-20230807t061233z-001/01- imt sdk/imt_sdk_win_64/imt_sdk_win_64/winarm/armgcc/bin/../lib/gcc/arm-none-eabi/7.2.1/thumb/v7e-m\libgcc.a(_aeabi_uldivmod.o)
                              ./src/HAL/LCD/LCD_Prog.o (__aeabi_uldivmod)
e:/imt/01- imt sdk-20230807t061233z-001/01- imt sdk/imt_sdk_win_64/imt_sdk_win_64/winarm/armgcc/bin/../lib/gcc/arm-none-eabi/7.2.1/thumb/v7e-m\libgcc.a(_fixunssfdi.o)
                              ./src/main.o (__aeabi_f2ulz)
e:/imt/01- imt sdk-20230807t061233z-001/01- imt sdk/imt_sdk_win_64/imt_sdk_win_64/winarm/armgcc/bin/../lib/gcc/arm-none-eabi/7.2.1/thumb/v7e-m\libgcc.a(_udivmoddi4.o)
                              e:/imt/01- imt sdk-20230807t061233z-001/01- imt sdk/imt_sdk_win_64/imt_sdk_win_64/winarm/armgcc/bin/../lib/gcc/arm-none-eabi/7.2.1/thumb/v7e-m\libgcc.a(_aeabi_uldivmod.o) (__udivmoddi4)
e:/imt/01- imt sdk-20230807t061233z-001/01- imt sdk/imt_sdk_win_64/imt_sdk_win_64/winarm/armgcc/bin/../lib/gcc/arm-none-eabi/7.2.1/thumb/v7e-m\libgcc.a(_dvmd_tls.o)
                              e:/imt/01- imt sdk-20230807t061233z-001/01- imt sdk/imt_sdk_win_64/imt_sdk_win_64/winarm/armgcc/bin/../lib/gcc/arm-none-eabi/7.2.1/thumb/v7e-m\libgcc.a(_aeabi_uldivmod.o) (__aeabi_ldiv0)
e:/imt/01- imt sdk-20230807t061233z-001/01- imt sdk/imt_sdk_win_64/imt_sdk_win_64/winarm/armgcc/bin/../lib/gcc/arm-none-eabi/7.2.1/../../../../arm-none-eabi/lib/thumb/v7e-m\libg_nano.a(lib_a-errno.o)
                              ./system/src/newlib/_sbrk.o (__errno)
e:/imt/01- imt sdk-20230807t061233z-001/01- imt sdk/imt_sdk_win_64/imt_sdk_win_64/winarm/armgcc/bin/../lib/gcc/arm-none-eabi/7.2.1/../../../../arm-none-eabi/lib/thumb/v7e-m\libg_nano.a(lib_a-impure.o)
                              e:/imt/01- imt sdk-20230807t061233z-001/01- imt sdk/imt_sdk_win_64/imt_sdk_win_64/winarm/armgcc/bin/../lib/gcc/arm-none-eabi/7.2.1/../../../../arm-none-eabi/lib/thumb/v7e-m\libg_nano.a(lib_a-errno.o) (_impure_ptr)
e:/imt/01- imt sdk-20230807t061233z-001/01- imt sdk/imt_sdk_win_64/imt_sdk_win_64/winarm/armgcc/bin/../lib/gcc/arm-none-eabi/7.2.1/../../../../arm-none-eabi/lib/thumb/v7e-m\libg_nano.a(lib_a-strcmp.o)
                              ./src/main.o (strcmp)
e:/imt/01- imt sdk-20230807t061233z-001/01- imt sdk/imt_sdk_win_64/imt_sdk_win_64/winarm/armgcc/bin/../lib/gcc/arm-none-eabi/7.2.1/../../../../arm-none-eabi/lib/thumb/v7e-m\libg_nano.a(lib_a-strlen.o)
                              ./system/src/diag/Trace.o (strlen)
e:/imt/01- imt sdk-20230807t061233z-001/01- imt sdk/imt_sdk_win_64/imt_sdk_win_64/winarm/armgcc/bin/../lib/gcc/arm-none-eabi/7.2.1/../../../../arm-none-eabi/lib/thumb/v7e-m\libg_nano.a(lib_a-vsnprintf.o)
                              ./system/src/diag/Trace.o (vsnprintf)
e:/imt/01- imt sdk-20230807t061233z-001/01- imt sdk/imt_sdk_win_64/imt_sdk_win_64/winarm/armgcc/bin/../lib/gcc/arm-none-eabi/7.2.1/../../../../arm-none-eabi/lib/thumb/v7e-m\libg_nano.a(lib_a-nano-svfprintf.o)
[...]
Memory Configuration

Name             Origin             Length             Attributes
RAM              0x20000000         0x00010000         xrw
CCMRAM           0x10000000         0x00000000         xrw
FLASH            0x08000000         0x00040000         xr
FLASHB1          0x00000000         0x00000000         xr
EXTMEMB0         0x00000000         0x00000000         xr
EXTMEMB1         0x00000000         0x00000000         xr
EXTMEMB2         0x00000000         0x00000000         xr
EXTMEMB3         0x00000000         0x00000000         xr
*default*        0x00000000         0xffffffff

Linker script and memory map

LOAD ./system/src/stm32f4-hal/stm32f4xx_hal.o
LOAD ./system/src/stm32f4-hal/stm32f4xx_hal_cortex.o
LOAD ./system/src/stm32f4-hal/stm32f4xx_hal_dfsdm.o
LOAD ./system/src/stm32f4-hal/stm32f4xx_hal_flash.o
LOAD ./system/src/stm32f4-hal/stm32f4xx_hal_gpio.o
LOAD ./system/src/stm32f4-hal/stm32f4xx_hal_iwdg.o
LOAD ./system/src/stm32f4-hal/stm32f4xx_hal_pwr.o
LOAD ./system/src/stm32f4-hal/stm32f4xx_hal_rcc.o
LOAD ./system/src/newlib/_cxx.o
LOAD ./system/src/newlib/_exit.o
LOAD ./system/src/newlib/_sbrk.o
LOAD ./system/src/newlib/_startup.o
LOAD ./system/src/newlib/_syscalls.o
LOAD ./system/src/newlib/assert.o
LOAD ./system/src/diag/Trace.o
LOAD ./system/src/diag/trace_impl.o
LOAD ./system/src/cortexm/_initialize_hardware.o
LOAD ./system/src/cortexm/_reset_hardware.o
LOAD ./system/src/cortexm/exception_handlers.o
LOAD ./system/src/cmsis/system_stm32f4xx.o
LOAD ./system/src/cmsis/vectors_stm32f401xc.o
LOAD ./src/MCAL/MUART/MUART_Prog.o
LOAD ./src/MCAL/MSTK/MSTK_Prog.o
LOAD ./src/MCAL/MRCC/MRCC_Prog.o
LOAD ./src/MCAL/MNVIC/MNVIC_Prog.o
LOAD ./src/MCAL/MGPIO/MGPIO_Prog.o
LOAD ./src/MCAL/MEXTI/MEXTI_Prog.o
LOAD ./src/MCAL/MADC/MADC_Prog.o
LOAD ./src/LIB/Delay/Delay_Prog.o
LOAD ./src/HAL/Ultrasonic/Ultrasonic_Prog.o
LOAD ./src/HAL/Switch/Switch_Prog.o
LOAD ./src/HAL/Push_Button/Push_Button_Prog.o
LOAD ./src/HAL/MPX4115/MPX4115_Prog.o
LOAD ./src/HAL/LM35/LM35_Prog.o
LOAD ./src/HAL/LED/LED_Prog.o
LOAD ./src/HAL/LCD/LCD_Prog.o
LOAD ./src/HAL/KeyPad/KeyPad_Prog.o
LOAD ./src/HAL/DC_MOTOR/DC_Motor_Prog.o
LOAD ./src/HAL/Buzzer/Buzzer_Prog.o
LOAD ./src/_initialize_hardware.o
LOAD ./src/_write.o
LOAD ./src/main.o
LOAD ./src/stm32f4xx_hal_msp.o
LOAD e:/imt/01- imt sdk-20230807t061233z-001/01- imt sdk/imt_sdk_win_64/imt_sdk_win_64/winarm/armgcc/bin/../lib/gcc/arm-none-eabi/7.2.1/../../../../arm-none-eabi/lib/thumb/v7e-m\libstdc++_nano.a
LOAD e:/imt/01- imt sdk-20230807t061233z-001/01- imt sdk/imt_sdk_win_64/imt_sdk_win_64/winarm/armgcc/bin/../lib/gcc/arm-none-eabi/7.2.1/../../../../arm-none-eabi/lib/thumb/v7e-m\libm.a
START GROUP
LOAD e:/imt/01- imt sdk-20230807t061233z-001/01- imt sdk/imt_sdk_win_64/imt_sdk_win_64/winarm/armgcc/bin/../lib/gcc/arm-none-eabi/7.2.1/thumb/v7e-m\libgcc.a
LOAD e:/imt/01- imt sdk-20230807t061233z-001/01- imt sdk/imt_sdk_win_64/imt_sdk_win_64/winarm/armgcc/bin/../lib/gcc/arm-none-eabi/7.2.1/../../../../arm-none-eabi/lib/thumb/v7e-m\libg_nano.a
LOAD e:/imt/01- imt sdk-20230807t061233z-001/01- imt sdk/imt_sdk_win_64/imt_sdk_win_64/winarm/armgcc/bin/../lib/gcc/arm-none-eabi/7.2.1/../../../../arm-none-eabi/lib/thumb/v7e-m\libc_nano.a
END GROUP
START GROUP
LOAD e:/imt/01- imt sdk-20230807t061233z-001/01- imt sdk/imt_sdk_win_64/imt_sdk_win_64/winarm/armgcc/bin/../lib/gcc/arm-none-eabi/7.2.1/thumb/v7e-m\libgcc.a
LOAD e:/imt/01- imt sdk-20230807t061233z-001/01- imt sdk/imt_sdk_win_64/imt_sdk_win_64/winarm/armgcc/bin/../lib/gcc/arm-none-eabi/7.2.1/../../../../arm-none-eabi/lib/thumb/v7e-m\libc_nano.a
END GROUP
                0x20010000                __stack = (ORIGIN (RAM) + LENGTH (RAM))
                0x20010000                _estack = __stack
                0x00000400                __Main_Stack_Size = 0x400
                [!provide]                PROVIDE (_Main_Stack_Size, __Main_Stack_Size)
                0x2000fc00                __Main_Stack_Limit = (__stack - __Main_Stack_Size)
                [!provide]                PROVIDE (_Main_Stack_Limit, __Main_Stack_Limit)
                0x00000100                _Minimum_Stack_Size = 0x100
                0x20000174                PROVIDE (_Heap_Begin, _end_noinit)
                0x2000fc00                PROVIDE (_Heap_Limit, (__stack - __Main_Stack_Size))

.isr_vector     0x08000000      0x3f4
 FILL mask 0xff
                0x08000000                __vectors_start = ABSOLUTE (.)
                0x08000000                __vectors_start__ = ABSOLUTE (.)
 *(.isr_vector)
 .isr_vector    0x08000000      0x194 ./system/src/cmsis/vectors_stm32f401xc.o
                0x08000000                __isr_vectors
 *(.cfmconfig)
 *(.after_vectors .after_vectors.*)
 .after_vectors
                0x08000194      0x130 ./system/src/newlib/_startup.o
                0x08000194                _start
 .after_vectors
                0x080002c4      0x12c ./system/src/cortexm/exception_handlers.o
                0x080002c4                Reset_Handler
                0x080002ca                NMI_Handler
                0x080002ce                HardFault_Handler
                0x080002e2                HardFault_Handler_C
                0x08000340                MemManage_Handler
                0x08000344                BusFault_Handler
                0x08000358                BusFault_Handler_C
                0x0800038c                UsageFault_Handler
                0x080003a0                UsageFault_Handler_C
                0x080003d4                SVC_Handler
                0x080003d8                DebugMon_Handler
                0x080003dc                PendSV_Handler
                0x080003e0                SysTick_Handler
 .after_vectors
                0x080003f0        0x4 ./system/src/cmsis/vectors_stm32f401xc.o
                0x080003f0                RTC_Alarm_IRQHandler
                0x080003f0                EXTI2_IRQHandler
                0x080003f0                SPI4_IRQHandler
                0x080003f0                TIM1_CC_IRQHandler
                0x080003f0                DMA2_Stream5_IRQHandler
                0x080003f0                DMA1_Stream5_IRQHandler
                0x080003f0                PVD_IRQHandler
                0x080003f0                SDIO_IRQHandler
                0x080003f0                TAMP_STAMP_IRQHandler
                0x080003f0                EXTI3_IRQHandler
                0x080003f0                TIM1_UP_TIM10_IRQHandler
                0x080003f0                I2C3_ER_IRQHandler
                0x080003f0                I2C2_EV_IRQHandler
                0x080003f0                DMA1_Stream2_IRQHandler
                0x080003f0                FPU_IRQHandler
                0x080003f0                DMA2_Stream2_IRQHandler
                0x080003f0                SPI1_IRQHandler
                0x080003f0                TIM1_BRK_TIM9_IRQHandler
                0x080003f0                DMA2_Stream3_IRQHandler
                0x080003f0                USART6_IRQHandler
                0x080003f0                DMA2_Stream0_IRQHandler
                0x080003f0                TIM4_IRQHandler
                0x080003f0                I2C1_EV_IRQHandler
                0x080003f0                DMA1_Stream6_IRQHandler
                0x080003f0                DMA1_Stream1_IRQHandler
                0x080003f0                TIM3_IRQHandler
                0x080003f0                RCC_IRQHandler
                0x080003f0                Default_Handler
                0x080003f0                EXTI15_10_IRQHandler
                0x080003f0                ADC_IRQHandler
                0x080003f0                DMA1_Stream7_IRQHandler
                0x080003f0                TIM5_IRQHandler
                0x080003f0                DMA2_Stream7_IRQHandler
                0x080003f0                I2C3_EV_IRQHandler
                0x080003f0                EXTI9_5_IRQHandler
                0x080003f0                RTC_WKUP_IRQHandler
                0x080003f0                SPI2_IRQHandler
                0x080003f0                DMA1_Stream0_IRQHandler
                0x080003f0                EXTI4_IRQHandler
                0x080003f0                WWDG_IRQHandler
                0x080003f0                TIM2_IRQHandler
                0x080003f0                OTG_FS_WKUP_IRQHandler
                0x080003f0                TIM1_TRG_COM_TIM11_IRQHandler
                0x080003f0                USART2_IRQHandler
                0x080003f0                I2C2_ER_IRQHandler
                0x080003f0                DMA2_Stream1_IRQHandler
                0x080003f0                FLASH_IRQHandler
                0x080003f0                DMA2_Stream4_IRQHandler
                0x080003f0                OTG_FS_IRQHandler
                0x080003f0                SPI3_IRQHandler
                0x080003f0                DMA1_Stream4_IRQHandler
                0x080003f0                I2C1_ER_IRQHandler
                0x080003f0                DMA2_Stream6_IRQHandler
                0x080003f0                DMA1_Stream3_IRQHandler

.inits          0x080003f4       0x28
                0x080003f4                __data_regions_array_start = .
                0x080003f4        0x4 LONG 0x80046c4 LOADADDR (.data)
                0x080003f8        0x4 LONG 0x20000000 ADDR (.data)
                0x080003fc        0x4 LONG 0x20000078 (ADDR (.data) + SIZEOF (.data))
                0x08000400        0x4 LONG 0x80046c4 LOADADDR (.data_CCMRAM)
                0x08000404        0x4 LONG 0x10000000 ADDR (.data_CCMRAM)
                0x08000408        0x4 LONG 0x10000000 (ADDR (.data_CCMRAM) + SIZEOF (.data_CCMRAM))
                0x0800040c                __data_regions_array_end = .
                0x0800040c                __bss_regions_array_start = .
                0x0800040c        0x4 LONG 0x20000078 ADDR (.bss)
                0x08000410        0x4 LONG 0x20000174 (ADDR (.bss) + SIZEOF (.bss))
                0x08000414        0x4 LONG 0x10000000 ADDR (.bss_CCMRAM)
                0x08000418        0x4 LONG 0x10000000 (ADDR (.bss_CCMRAM) + SIZEOF (.bss_CCMRAM))
                0x0800041c                __bss_regions_array_end = .
 *(.init)
 *(.fini)
                0x0800041c                . = ALIGN (0x4)
                0x0800041c                PROVIDE (__preinit_array_start, .)
 *(.preinit_array_sysinit .preinit_array_sysinit.*)
 *(.preinit_array_platform .preinit_array_platform.*)
 *(.preinit_array .preinit_array.*)
                0x0800041c                PROVIDE (__preinit_array_end, .)
                0x0800041c                . = ALIGN (0x4)
                0x0800041c                PROVIDE (__init_array_start, .)
 *(SORT_BY_NAME(.init_array.*))
 *(.init_array)
                0x0800041c                PROVIDE (__init_array_end, .)
                0x0800041c                . = ALIGN (0x4)
                0x0800041c                PROVIDE (__fini_array_start, .)
 *(SORT_BY_NAME(.fini_array.*))
 *(.fini_array)
                0x0800041c                PROVIDE (__fini_array_end, .)

.flashtext
 *(.flashtext .flashtext.*)

.text           0x08000420     0x429b
 *(.text .text.*)
 .text.HAL_InitTick
                0x08000420       0x2c ./system/src/stm32f4-hal/stm32f4xx_hal.o
                0x08000420                HAL_InitTick
 .text.HAL_Init
                0x0800044c       0x34 ./system/src/stm32f4-hal/stm32f4xx_hal.o
                0x0800044c                HAL_Init
 .text.HAL_GetTick
                0x08000480        0xc ./system/src/stm32f4-hal/stm32f4xx_hal.o
                0x08000480                HAL_GetTick
 .text.HAL_NVIC_SetPriorityGrouping
                0x0800048c       0x3c ./system/src/stm32f4-hal/stm32f4xx_hal_cortex.o
                0x0800048c                HAL_NVIC_SetPriorityGrouping
 .text.HAL_NVIC_SetPriority
                0x080004c8       0x8c ./system/src/stm32f4-hal/stm32f4xx_hal_cortex.o
                0x080004c8                HAL_NVIC_SetPriority
 .text.HAL_SYSTICK_Config
                0x08000554       0x2c ./system/src/stm32f4-hal/stm32f4xx_hal_cortex.o
                0x08000554                HAL_SYSTICK_Config
 .text.HAL_SYSTICK_CLKSourceConfig
                0x08000580       0x3c ./system/src/stm32f4-hal/stm32f4xx_hal_cortex.o
                0x08000580                HAL_SYSTICK_CLKSourceConfig
 .text.HAL_RCC_OscConfig
                0x080005bc      0x43c ./system/src/stm32f4-hal/stm32f4xx_hal_rcc.o
                0x080005bc                HAL_RCC_OscConfig
 .text.HAL_RCC_GetSysClockFreq
                0x080009f8       0x94 ./system/src/stm32f4-hal/stm32f4xx_hal_rcc.o
                0x080009f8                HAL_RCC_GetSysClockFreq
 .text.HAL_RCC_ClockConfig
                0x08000a8c      0x258 ./system/src/stm32f4-hal/stm32f4xx_hal_rcc.o
                0x08000a8c                HAL_RCC_ClockConfig
 .text.HAL_RCC_GetHCLKFreq
                0x08000ce4        0xc ./system/src/stm32f4-hal/stm32f4xx_hal_rcc.o
                0x08000ce4                HAL_RCC_GetHCLKFreq
 .text._exit    0x08000cf0        0x2 ./system/src/newlib/_exit.o
                0x08000cf0                _exit
 *fill*         0x08000cf2        0x2 
 .text.abort    0x08000cf4       0x14 ./system/src/newlib/_exit.o
                0x08000cf4                abort
 .text._sbrk    0x08000d08       0x44 ./system/src/newlib/_sbrk.o
                0x08000d08                _sbrk
 .text.__initialize_args
                0x08000d4c       0x10 ./system/src/newlib/_syscalls.o
                0x08000d4c                __initialize_args
 .text.assert_failed
                0x08000d5c       0x14 ./system/src/newlib/assert.o
                0x08000d5c                assert_failed
 .text.trace_printf
                0x08000d70       0x30 ./system/src/diag/Trace.o
                0x08000d70                trace_printf
 .text.trace_puts
                0x08000da0       0x20 ./system/src/diag/Trace.o
                0x08000da0                trace_puts
 .text._trace_write_semihosting_debug
                0x08000dc0       0x60 ./system/src/diag/trace_impl.o
 .text.trace_write
                0x08000e20        0x8 ./system/src/diag/trace_impl.o
                0x08000e20                trace_write
 .text.__initialize_hardware_early
                0x08000e28       0x18 ./system/src/cortexm/_initialize_hardware.o
                0x08000e28                __initialize_hardware_early
 .text.dumpExceptionStack
                0x08000e40       0xf4 ./system/src/cortexm/exception_handlers.o
                0x08000e40                dumpExceptionStack
 .text.isSemihosting
                0x08000f34       0x20 ./system/src/cortexm/exception_handlers.o
                0x08000f34                isSemihosting
 .text.SystemInit
                0x08000f54       0x40 ./system/src/cmsis/system_stm32f4xx.o
                0x08000f54                SystemInit
 .text.SystemCoreClockUpdate
                0x08000f94       0xa0 ./system/src/cmsis/system_stm32f4xx.o
                0x08000f94                SystemCoreClockUpdate
 .text.USART1_IRQHandler
                0x08001034       0x10 ./src/MCAL/MUART/MUART_Prog.o
                0x08001034                USART1_IRQHandler
 .text.MRCC_vInit
                0x08001044       0x30 ./src/MCAL/MRCC/MRCC_Prog.o
                0x08001044                MRCC_vInit
 .text.MRCC_vEnableClock
                0x08001074      0x20c ./src/MCAL/MRCC/MRCC_Prog.o
                0x08001074                MRCC_vEnableClock
 .text.MNVIC_vInterruptEnable
                0x08001280       0x28 ./src/MCAL/MNVIC/MNVIC_Prog.o
                0x08001280                MNVIC_vInterruptEnable
 .text.MNVIC_SetGroupMode
                0x080012a8       0x1c ./src/MCAL/MNVIC/MNVIC_Prog.o
                0x080012a8                MNVIC_SetGroupMode
 .text.MNVIC_vSetInterruptPriority
                0x080012c4       0x8c ./src/MCAL/MNVIC/MNVIC_Prog.o
                0x080012c4                MNVIC_vSetInterruptPriority
 .text.MGPIO_vSetPinMode
                0x08001350       0x70 ./src/MCAL/MGPIO/MGPIO_Prog.o
                0x08001350                MGPIO_vSetPinMode
 .text.MGPIO_vSetPinOutPutType
                0x080013c0       0x64 ./src/MCAL/MGPIO/MGPIO_Prog.o
                0x080013c0                MGPIO_vSetPinOutPutType
 .text.MGPIO_vSetPinOutSpeed
                0x08001424       0x70 ./src/MCAL/MGPIO/MGPIO_Prog.o
                0x08001424                MGPIO_vSetPinOutSpeed
 .text.MGPIO_vSetPullType
                0x08001494       0x70 ./src/MCAL/MGPIO/MGPIO_Prog.o
                0x08001494                MGPIO_vSetPullType
 .text.MGPIO_u8ReadData
                0x08001504       0x40 ./src/MCAL/MGPIO/MGPIO_Prog.o
                0x08001504                MGPIO_u8ReadData
 .text.MGPIO_vWriteData
                0x08001544       0x94 ./src/MCAL/MGPIO/MGPIO_Prog.o
                0x08001544                MGPIO_vWriteData
 .text.MGPIO_vWriteDataDIR
                0x080015d8       0x7c ./src/MCAL/MGPIO/MGPIO_Prog.o
                0x080015d8                MGPIO_vWriteDataDIR
 .text.MEXTI_vEnableExternalInterrupt
                0x08001654       0x14 ./src/MCAL/MEXTI/MEXTI_Prog.o
                0x08001654                MEXTI_vEnableExternalInterrupt
 .text.MEXTI_vSetTrigger
                0x08001668       0x48 ./src/MCAL/MEXTI/MEXTI_Prog.o
                0x08001668                MEXTI_vSetTrigger
 .text.MEXTI_vSetExtiConfig
                0x080016b0       0xb0 ./src/MCAL/MEXTI/MEXTI_Prog.o
                0x080016b0                MEXTI_vSetExtiConfig
 .text.MEXTI0_vCallBack
                0x08001760        0xc ./src/MCAL/MEXTI/MEXTI_Prog.o
                0x08001760                MEXTI0_vCallBack
 .text.EXTI0_IRQHandler
                0x0800176c       0x1c ./src/MCAL/MEXTI/MEXTI_Prog.o
                0x0800176c                EXTI0_IRQHandler
 .text.EXTI1_IRQHandler
                0x08001788       0x1c ./src/MCAL/MEXTI/MEXTI_Prog.o
                0x08001788                EXTI1_IRQHandler
 .text.MADC_Init
                0x080017a4       0x30 ./src/MCAL/MADC/MADC_Prog.o
                0x080017a4                MADC_Init
 .text.MADC_StartConv
                0x080017d4       0x40 ./src/MCAL/MADC/MADC_Prog.o
                0x080017d4                MADC_StartConv
 .text.MADC_ReadData
                0x08001814       0x14 ./src/MCAL/MADC/MADC_Prog.o
                0x08001814                MADC_ReadData
 .text.Delay_vMsIn16MHz
                0x08001828       0x46 ./src/LIB/Delay/Delay_Prog.o
                0x08001828                Delay_vMsIn16MHz
 .text.Delay_vUsIn16MHzint
                0x0800186e       0x42 ./src/LIB/Delay/Delay_Prog.o
                0x0800186e                Delay_vUsIn16MHzint
 .text.H_VUltrasonicInit
                0x080018b0       0x18 ./src/HAL/Ultrasonic/Ultrasonic_Prog.o
                0x080018b0                H_VUltrasonicInit
 .text.H_u16USRead
                0x080018c8       0x98 ./src/HAL/Ultrasonic/Ultrasonic_Prog.o
                0x080018c8                H_u16USRead
 .text.H_Switch_Void_SwitchInit
                0x08001960       0x2c ./src/HAL/Switch/Switch_Prog.o
                0x08001960                H_Switch_Void_SwitchInit
 .text.H_Switch_U8_SwitchRead
                0x0800198c       0x22 ./src/HAL/Switch/Switch_Prog.o
                0x0800198c                H_Switch_U8_SwitchRead
 .text.H_PushButton_Void_PushButtonInit
                0x080019ae       0x2c ./src/HAL/Push_Button/Push_Button_Prog.o
                0x080019ae                H_PushButton_Void_PushButtonInit
 *fill*         0x080019da        0x6 
 .text.ConvertVoltageToPressure
                0x080019e0       0x50 ./src/HAL/MPX4115/MPX4115_Prog.o
                0x080019e0                ConvertVoltageToPressure
 .text.MPX4115A_GetPressure
                0x08001a30       0x2a ./src/HAL/MPX4115/MPX4115_Prog.o
                0x08001a30                MPX4115A_GetPressure
 *fill*         0x08001a5a        0x6 
 .text.LM35_GetTempreture
                0x08001a60       0x54 ./src/HAL/LM35/LM35_Prog.o
                0x08001a60                LM35_GetTempreture
 .text.H_Led_Init
                0x08001ab4       0x24 ./src/HAL/LED/LED_Prog.o
                0x08001ab4                H_Led_Init
 .text.H_Led_On
                0x08001ad8       0x24 ./src/HAL/LED/LED_Prog.o
                0x08001ad8                H_Led_On
 .text.H_Led_Off
                0x08001afc       0x24 ./src/HAL/LED/LED_Prog.o
                0x08001afc                H_Led_Off
 .text.H_Lcd_void_LcdSendCommand
                0x08001b20       0x88 ./src/HAL/LCD/LCD_Prog.o
                0x08001b20                H_Lcd_void_LcdSendCommand
 .text.H_Lcd_void_LcdInit
                0x08001ba8       0x82 ./src/HAL/LCD/LCD_Prog.o
                0x08001ba8                H_Lcd_void_LcdInit
 .text.H_Lcd_void_LcdSendCharacter
                0x08001c2a       0x88 ./src/HAL/LCD/LCD_Prog.o
                0x08001c2a                H_Lcd_void_LcdSendCharacter
 .text.H_Lcd_void_LcdClear
                0x08001cb2        0xa ./src/HAL/LCD/LCD_Prog.o
                0x08001cb2                H_Lcd_void_LcdClear
 .text.H_Lcd_void_LcdSendString
                0x08001cbc       0x18 ./src/HAL/LCD/LCD_Prog.o
                0x08001cbc                H_Lcd_void_LcdSendString
 .text.H_Lcd_void_LcdSendNumberU
                0x08001cd4       0xa0 ./src/HAL/LCD/LCD_Prog.o
                0x08001cd4                H_Lcd_void_LcdSendNumberU
 .text.H_Lcd_void_LcdGoTo
                0x08001d74       0x28 ./src/HAL/LCD/LCD_Prog.o
                0x08001d74                H_Lcd_void_LcdGoTo
 .text.H_KeyPad_Void_KeyPadInit
                0x08001d9c       0x76 ./src/HAL/KeyPad/KeyPad_Prog.o
                0x08001d9c                H_KeyPad_Void_KeyPadInit
 *fill*         0x08001e12        0x2 
 .text.H_KeyPad_U8_KeyPadRead
                0x08001e14       0x88 ./src/HAL/KeyPad/KeyPad_Prog.o
                0x08001e14                H_KeyPad_U8_KeyPadRead
 .text.H_DC_MOTOR_Void_DCMotorInit
                0x08001e9c       0x4a ./src/HAL/DC_MOTOR/DC_Motor_Prog.o
                0x08001e9c                H_DC_MOTOR_Void_DCMotorInit
 .text.H_DC_MOTOR_Void_RotationControl
                0x08001ee6       0x6e ./src/HAL/DC_MOTOR/DC_Motor_Prog.o
                0x08001ee6                H_DC_MOTOR_Void_RotationControl
 .text.H_Buzzer_Void_BuzzerInit
                0x08001f54       0x2c ./src/HAL/Buzzer/Buzzer_Prog.o
                0x08001f54                H_Buzzer_Void_BuzzerInit
 .text.H_Buzzer_Void_BuzzerOn
                0x08001f80        0xa ./src/HAL/Buzzer/Buzzer_Prog.o
                0x08001f80                H_Buzzer_Void_BuzzerOn
 .text.H_Buzzer_Void_BuzzerOff
                0x08001f8a        0xa ./src/HAL/Buzzer/Buzzer_Prog.o
                0x08001f8a                H_Buzzer_Void_BuzzerOff
 .text.SystemClock_Config
                0x08001f94       0x98 ./src/_initialize_hardware.o
                0x08001f94                SystemClock_Config
 .text.__initialize_hardware
                0x0800202c       0x10 ./src/_initialize_hardware.o
                0x0800202c                __initialize_hardware
 .text.Start_Engine
                0x0800203c       0xe8 ./src/main.o
                0x0800203c                Start_Engine
 .text.Check_Password
                0x08002124      0x158 ./src/main.o
                0x08002124                Check_Password
 .text.Main_Menu
                0x0800227c      0x128 ./src/main.o
                0x0800227c                Main_Menu
 .text.Ready_Check
                0x080023a4       0xc8 ./src/main.o
                0x080023a4                Ready_Check
 .text.Calculate_Temperature
                0x0800246c       0xb4 ./src/main.o
                0x0800246c                Calculate_Temperature
 .text.Calculate_Distance
                0x08002520       0xa8 ./src/main.o
                0x08002520                Calculate_Distance
 .text.Calculate_Pressure
                0x080025c8      0x108 ./src/main.o
                0x080025c8                Calculate_Pressure
 .text.main     0x080026d0      0x144 ./src/main.o
                0x080026d0                main
 .text.HAL_MspInit
                0x08002814        0x2 ./src/stm32f4xx_hal_msp.o
                0x08002814                HAL_MspInit
 *fill*         0x08002816        0x2 
 .text          0x08002818      0x378 e:/imt/01- imt sdk-20230807t061233z-001/01- imt sdk/imt_sdk_win_64/imt_sdk_win_64/winarm/armgcc/bin/../lib/gcc/arm-none-eabi/7.2.1/thumb/v7e-m\libgcc.a(_arm_addsubdf3.o)
                0x08002818                __aeabi_drsub
                0x08002820                __aeabi_dsub
                0x08002820                __subdf3
                0x08002824                __aeabi_dadd
                0x08002824                __adddf3
                0x08002a9c                __floatunsidf
                0x08002a9c                __aeabi_ui2d
                0x08002abc                __floatsidf
                0x08002abc                __aeabi_i2d
                0x08002ae0                __aeabi_f2d
                0x08002ae0                __extendsfdf2
                0x08002b24                __floatundidf
                0x08002b24                __aeabi_ul2d
                0x08002b34                __floatdidf
                0x08002b34                __aeabi_l2d
 .text          0x08002b90      0x424 e:/imt/01- imt sdk-20230807t061233z-001/01- imt sdk/imt_sdk_win_64/imt_sdk_win_64/winarm/armgcc/bin/../lib/gcc/arm-none-eabi/7.2.1/thumb/v7e-m\libgcc.a(_arm_muldivdf3.o)
                0x08002b90                __aeabi_dmul
                0x08002b90                __muldf3
                0x08002de4                __divdf3
                0x08002de4                __aeabi_ddiv
 .text          0x08002fb4       0x40 e:/imt/01- imt sdk-20230807t061233z-001/01- imt sdk/imt_sdk_win_64/imt_sdk_win_64/winarm/armgcc/bin/../lib/gcc/arm-none-eabi/7.2.1/thumb/v7e-m\libgcc.a(_arm_fixunsdfsi.o)
                0x08002fb4                __aeabi_d2uiz
                0x08002fb4                __fixunsdfsi
 .text          0x08002ff4       0xa0 e:/imt/01- imt sdk-20230807t061233z-001/01- imt sdk/imt_sdk_win_64/imt_sdk_win_64/winarm/armgcc/bin/../lib/gcc/arm-none-eabi/7.2.1/thumb/v7e-m\libgcc.a(_arm_truncdfsf2.o)
                0x08002ff4                __truncdfsf2
                0x08002ff4                __aeabi_d2f
 .text          0x08003094      0x21c e:/imt/01- imt sdk-20230807t061233z-001/01- imt sdk/imt_sdk_win_64/imt_sdk_win_64/winarm/armgcc/bin/../lib/gcc/arm-none-eabi/7.2.1/thumb/v7e-m\libgcc.a(_arm_addsubsf3.o)
                0x08003094                __aeabi_frsub
                0x0800309c                __subsf3
                0x0800309c                __aeabi_fsub
                0x080030a0                __aeabi_fadd
                0x080030a0                __addsf3
                0x08003200                __aeabi_ui2f
                0x08003200                __floatunsisf
                0x08003208                __aeabi_i2f
                0x08003208                __floatsisf
                0x08003224                __aeabi_ul2f
                0x08003224                __floatundisf
                0x08003234                __aeabi_l2f
                0x08003234                __floatdisf
 .text          0x080032b0      0x2a0 e:/imt/01- imt sdk-20230807t061233z-001/01- imt sdk/imt_sdk_win_64/imt_sdk_win_64/winarm/armgcc/bin/../lib/gcc/arm-none-eabi/7.2.1/thumb/v7e-m\libgcc.a(_arm_muldivsf3.o)
                0x080032b0                __mulsf3
                0x080032b0                __aeabi_fmul
                0x08003418                __aeabi_fdiv
                0x08003418                __divsf3
 .text          0x08003550       0xec e:/imt/01- imt sdk-20230807t061233z-001/01- imt sdk/imt_sdk_win_64/imt_sdk_win_64/winarm/armgcc/bin/../lib/gcc/arm-none-eabi/7.2.1/thumb/v7e-m\libgcc.a(_arm_cmpsf2.o)
                0x08003550                __gesf2
                0x08003550                __gtsf2
                0x08003558                __lesf2
                0x08003558                __ltsf2
                0x08003560                __nesf2
                0x08003560                __eqsf2
                0x08003560                __cmpsf2
                0x080035c0                __aeabi_cfrcmple
                0x080035c8                __aeabi_cfcmpeq
                0x080035c8                __aeabi_cfcmple
                0x080035d8                __aeabi_fcmpeq
                0x080035ec                __aeabi_fcmplt
                0x08003600                __aeabi_fcmple
                0x08003614                __aeabi_fcmpge
                0x08003628                __aeabi_fcmpgt
 .text          0x0800363c       0x30 e:/imt/01- imt sdk-20230807t061233z-001/01- imt sdk/imt_sdk_win_64/imt_sdk_win_64/winarm/armgcc/bin/../lib/gcc/arm-none-eabi/7.2.1/thumb/v7e-m\libgcc.a(_aeabi_uldivmod.o)
                0x0800363c                __aeabi_uldivmod
 .text          0x0800366c       0x48 e:/imt/01- imt sdk-20230807t061233z-001/01- imt sdk/imt_sdk_win_64/imt_sdk_win_64/winarm/armgcc/bin/../lib/gcc/arm-none-eabi/7.2.1/thumb/v7e-m\libgcc.a(_fixunssfdi.o)
                0x0800366c                __fixunssfdi
                0x0800366c                __aeabi_f2ulz
 .text          0x080036b4      0x2cc e:/imt/01- imt sdk-20230807t061233z-001/01- imt sdk/imt_sdk_win_64/imt_sdk_win_64/winarm/armgcc/bin/../lib/gcc/arm-none-eabi/7.2.1/thumb/v7e-m\libgcc.a(_udivmoddi4.o)
                0x080036b4                __udivmoddi4
 .text          0x08003980        0x4 e:/imt/01- imt sdk-20230807t061233z-001/01- imt sdk/imt_sdk_win_64/imt_sdk_win_64/winarm/armgcc/bin/../lib/gcc/arm-none-eabi/7.2.1/thumb/v7e-m\libgcc.a(_dvmd_tls.o)
                0x08003980                __aeabi_idiv0
                0x08003980                __aeabi_ldiv0
 .text.__errno  0x08003984        0xc e:/imt/01- imt sdk-20230807t061233z-001/01- imt sdk/imt_sdk_win_64/imt_sdk_win_64/winarm/armgcc/bin/../lib/gcc/arm-none-eabi/7.2.1/../../../../arm-none-eabi/lib/thumb/v7e-m\libg_nano.a(lib_a-errno.o)
                0x08003984                __errno
 .text          0x08003990       0x14 e:/imt/01- imt sdk-20230807t061233z-001/01- imt sdk/imt_sdk_win_64/imt_sdk_win_64/winarm/armgcc/bin/../lib/gcc/arm-none-eabi/7.2.1/../../../../arm-none-eabi/lib/thumb/v7e-m\libg_nano.a(lib_a-strcmp.o)
                0x08003990                strcmp
 .text          0x080039a4       0x10 e:/imt/01- imt sdk-20230807t061233z-001/01- imt sdk/imt_sdk_win_64/imt_sdk_win_64/winarm/armgcc/bin/../lib/gcc/arm-none-eabi/7.2.1/../../../../arm-none-eabi/lib/thumb/v7e-m\libg_nano.a(lib_a-strlen.o)
                0x080039a4                strlen
 .text._vsnprintf_r
                0x080039b4       0x58 e:/imt/01- imt sdk-20230807t061233z-001/01- imt sdk/imt_sdk_win_64/imt_sdk_win_64/winarm/armgcc/bin/../lib/gcc/arm-none-eabi/7.2.1/../../../../arm-none-eabi/lib/thumb/v7e-m\libg_nano.a(lib_a-vsnprintf.o)
                0x080039b4                _vsniprintf_r
                0x080039b4                _vsnprintf_r
 .text.vsnprintf
                0x08003a0c       0x1c e:/imt/01- imt sdk-20230807t061233z-001/01- imt sdk/imt_sdk_win_64/imt_sdk_win_64/winarm/armgcc/bin/../lib/gcc/arm-none-eabi/7.2.1/../../../../arm-none-eabi/lib/thumb/v7e-m\libg_nano.a(lib_a-vsnprintf.o)
                0x08003a0c                vsniprintf
                0x08003a0c                vsnprintf
 .text.__ssputs_r
                0x08003a28       0xb4 e:/imt/01- imt sdk-20230807t061233z-001/01- imt sdk/imt_sdk_win_64/imt_sdk_win_64/winarm/armgcc/bin/../lib/gcc/arm-none-eabi/7.2.1/../../../../arm-none-eabi/lib/thumb/v7e-m\libg_nano.a(lib_a-nano-svfprintf.o)
                0x08003a28                __ssputs_r
 .text._svfprintf_r
                0x08003adc      0x1ec e:/imt/01- imt sdk-20230807t061233z-001/01- imt sdk/imt_sdk_win_64/imt_sdk_win_64/winarm/armgcc/bin/../lib/gcc/arm-none-eabi/7.2.1/../../../../arm-none-eabi/lib/thumb/v7e-m\libg_nano.a(lib_a-nano-svfprintf.o)
                0x08003adc                _svfiprintf_r
                0x08003adc                _svfprintf_r
 .text._printf_common
                0x08003cc8       0xea e:/imt/01- imt sdk-20230807t061233z-001/01- imt sdk/imt_sdk_win_64/imt_sdk_win_64/winarm/armgcc/bin/../lib/gcc/arm-none-eabi/7.2.1/../../../../arm-none-eabi/lib/thumb/v7e-m\libg_nano.a(lib_a-nano-vfprintf_i.o)
                0x08003cc8                _printf_common
 *fill*         0x08003db2        0x2 
 .text._printf_i
                0x08003db4      0x224 e:/imt/01- imt sdk-20230807t061233z-001/01- imt sdk/imt_sdk_win_64/imt_sdk_win_64/winarm/armgcc/bin/../lib/gcc/arm-none-eabi/7.2.1/../../../../arm-none-eabi/lib/thumb/v7e-m\libg_nano.a(lib_a-nano-vfprintf_i.o)
                0x08003db4                _printf_i
 *fill*         0x08003fd8        0x8 
 .text          0x08003fe0       0xa0 e:/imt/01- imt sdk-20230807t061233z-001/01- imt sdk/imt_sdk_win_64/imt_sdk_win_64/winarm/armgcc/bin/../lib/gcc/arm-none-eabi/7.2.1/../../../../arm-none-eabi/lib/thumb/v7e-m\libg_nano.a(lib_a-memchr.o)
                0x08003fe0                memchr
 .text.memcpy   0x08004080       0x16 e:/imt/01- imt sdk-20230807t061233z-001/01- imt sdk/imt_sdk_win_64/imt_sdk_win_64/winarm/armgcc/bin/../lib/gcc/arm-none-eabi/7.2.1/../../../../arm-none-eabi/lib/thumb/v7e-m\libg_nano.a(lib_a-memcpy-stub.o)
                0x08004080                memcpy
 .text.memmove  0x08004096       0x32 e:/imt/01- imt sdk-20230807t061233z-001/01- imt sdk/imt_sdk_win_64/imt_sdk_win_64/winarm/armgcc/bin/../lib/gcc/arm-none-eabi/7.2.1/../../../../arm-none-eabi/lib/thumb/v7e-m\libg_nano.a(lib_a-memmove.o)
                0x08004096                memmove
 .text._free_r  0x080040c8       0x9c e:/imt/01- imt sdk-20230807t061233z-001/01- imt sdk/imt_sdk_win_64/imt_sdk_win_64/winarm/armgcc/bin/../lib/gcc/arm-none-eabi/7.2.1/../../../../arm-none-eabi/lib/thumb/v7e-m\libg_nano.a(lib_a-nano-freer.o)
                0x080040c8                _free_r
 .text._malloc_r
                0x08004164       0xb4 e:/imt/01- imt sdk-20230807t061233z-001/01- imt sdk/imt_sdk_win_64/imt_sdk_win_64/winarm/armgcc/bin/../lib/gcc/arm-none-eabi/7.2.1/../../../../arm-none-eabi/lib/thumb/v7e-m\libg_nano.a(lib_a-nano-mallocr.o)
                0x08004164                _malloc_r
 .text._realloc_r
                0x08004218       0x4c e:/imt/01- imt sdk-20230807t061233z-001/01- imt sdk/imt_sdk_win_64/imt_sdk_win_64/winarm/armgcc/bin/../lib/gcc/arm-none-eabi/7.2.1/../../../../arm-none-eabi/lib/thumb/v7e-m\libg_nano.a(lib_a-nano-reallocr.o)
                0x08004218                _realloc_r
 .text._sbrk_r  0x08004264       0x20 e:/imt/01- imt sdk-20230807t061233z-001/01- imt sdk/imt_sdk_win_64/imt_sdk_win_64/winarm/armgcc/bin/../lib/gcc/arm-none-eabi/7.2.1/../../../../arm-none-eabi/lib/thumb/v7e-m\libg_nano.a(lib_a-sbrkr.o)
                0x08004264                _sbrk_r
 .text.__malloc_lock
                0x08004284        0x2 e:/imt/01- imt sdk-20230807t061233z-001/01- imt sdk/imt_sdk_win_64/imt_sdk_win_64/winarm/armgcc/bin/../lib/gcc/arm-none-eabi/7.2.1/../../../../arm-none-eabi/lib/thumb/v7e-m\libg_nano.a(lib_a-mlock.o)
                0x08004284                __malloc_lock
 .text.__malloc_unlock
                0x08004286        0x2 e:/imt/01- imt sdk-20230807t061233z-001/01- imt sdk/imt_sdk_win_64/imt_sdk_win_64/winarm/armgcc/bin/../lib/gcc/arm-none-eabi/7.2.1/../../../../arm-none-eabi/lib/thumb/v7e-m\libg_nano.a(lib_a-mlock.o)
                0x08004286                __malloc_unlock
 .text._malloc_usable_size_r
                0x08004288       0x10 e:/imt/01- imt sdk-20230807t061233z-001/01- imt sdk/imt_sdk_win_64/imt_sdk_win_64/winarm/armgcc/bin/../lib/gcc/arm-none-eabi/7.2.1/../../../../arm-none-eabi/lib/thumb/v7e-m\libg_nano.a(lib_a-nano-msizer.o)
                0x08004288                _malloc_usable_size_r
 *(.rodata .rodata.* .constdata .constdata.*)
 .rodata.HAL_NVIC_SetPriorityGrouping.str1.4
                0x08004298       0x31 ./system/src/stm32f4-hal/stm32f4xx_hal_cortex.o
 *fill*         0x080042c9        0x3 
 .rodata.APBAHBPrescTable
                0x080042cc       0x10 ./system/src/stm32f4-hal/stm32f4xx_hal_rcc.o
                0x080042cc                APBAHBPrescTable
 .rodata.HAL_RCC_OscConfig.str1.4
                0x080042dc       0x2e ./system/src/stm32f4-hal/stm32f4xx_hal_rcc.o
 *fill*         0x0800430a        0x2 
 .rodata.abort.str1.4
                0x0800430c       0x14 ./system/src/newlib/_exit.o
 .rodata.assert_failed.str1.4
                0x08004320       0x2b ./system/src/newlib/assert.o
 .rodata.trace_puts.str1.4
                0x0800434b       0x2b ./system/src/diag/Trace.o
                                  0x2 (size before relaxing)
 *fill*         0x0800434b        0x1 
 .rodata.dumpExceptionStack.str1.4
                0x0800434c      0x11a ./system/src/cortexm/exception_handlers.o
 *fill*         0x08004466        0x2 
 .rodata.str1.4
                0x08004468       0x2a ./system/src/cortexm/exception_handlers.o
 *fill*         0x08004492        0x2 
 .rodata.AHBPrescTable
                0x08004494       0x10 ./system/src/cmsis/system_stm32f4xx.o
                0x08004494                AHBPrescTable
 .rodata        0x080044a4        0x2 ./src/HAL/LCD/LCD_Prog.o
 *fill*         0x080044a6        0x2 
 .rodata        0x080044a8        0xc ./src/HAL/KeyPad/KeyPad_Prog.o
 .rodata        0x080044b4       0x12 ./src/main.o
 *fill*         0x080044c6        0x2 
 .rodata.Calculate_Distance.str1.4
                0x080044c8       0x21 ./src/main.o
 *fill*         0x080044e9        0x3 
 .rodata.Calculate_Pressure.str1.4
                0x080044ec       0x40 ./src/main.o
 .rodata.Calculate_Temperature.str1.4
                0x0800452c       0x1d ./src/main.o
 *fill*         0x08004549        0x3 
 .rodata.Check_Password.str1.4
                0x0800454c       0x5e ./src/main.o
                                 0x66 (size before relaxing)
 *fill*         0x080045aa        0x2 
 .rodata.Main_Menu.str1.4
                0x080045ac       0x3f ./src/main.o
 *fill*         0x080045eb        0x1 
 .rodata.Ready_Check.str1.4
                0x080045ec       0x3e ./src/main.o
 *fill*         0x0800462a        0x2 
 .rodata.Start_Engine.str1.4
                0x0800462c       0x51 ./src/main.o
                                 0x5d (size before relaxing)
 *fill*         0x0800467d        0x3 
 .rodata.main.str1.4
                0x08004680        0x8 ./src/main.o
 .rodata._svfprintf_r.str1.1
                0x08004688       0x11 e:/imt/01- imt sdk-20230807t061233z-001/01- imt sdk/imt_sdk_win_64/imt_sdk_win_64/winarm/armgcc/bin/../lib/gcc/arm-none-eabi/7.2.1/../../../../arm-none-eabi/lib/thumb/v7e-m\libg_nano.a(lib_a-nano-svfprintf.o)
 .rodata._printf_i.str1.1
                0x08004699       0x22 e:/imt/01- imt sdk-20230807t061233z-001/01- imt sdk/imt_sdk_win_64/imt_sdk_win_64/winarm/armgcc/bin/../lib/gcc/arm-none-eabi/7.2.1/../../../../arm-none-eabi/lib/thumb/v7e-m\libg_nano.a(lib_a-nano-vfprintf_i.o)
 *(vtable)
 *(.eh_frame*)
 *(.glue_7)
 .glue_7        0x080046bb        0x0 linker stubs
 *(.glue_7t)
 .glue_7t       0x080046bb        0x0 linker stubs

.vfp11_veneer   0x080046bc        0x0
 .vfp11_veneer  0x080046bc        0x0 linker stubs

.v4_bx          0x080046bc        0x0
 .v4_bx         0x080046bc        0x0 linker stubs

.iplt           0x080046bc        0x0
 .iplt          0x080046bc        0x0 ./system/src/stm32f4-hal/stm32f4xx_hal.o

.ARM.extab
 *(.ARM.extab* .gnu.linkonce.armextab.*)
                0x080046bc                . = ALIGN (0x4)
                0x080046bc                __exidx_start = .

.ARM.exidx      0x080046bc        0x8
 *(.ARM.exidx* .gnu.linkonce.armexidx.*)
 .ARM.exidx     0x080046bc        0x8 e:/imt/01- imt sdk-20230807t061233z-001/01- imt sdk/imt_sdk_win_64/imt_sdk_win_64/winarm/armgcc/bin/../lib/gcc/arm-none-eabi/7.2.1/thumb/v7e-m\libgcc.a(_udivmoddi4.o)
                0x080046c4                __exidx_end = .

.rel.dyn        0x080046c4        0x0
 .rel.iplt      0x080046c4        0x0 ./system/src/stm32f4-hal/stm32f4xx_hal.o
                0x080046c4                . = ALIGN (0x4)
                0x080046c4                _etext = .
                0x080046c4                __etext = .

.data_CCMRAM    0x10000000        0x0 load address 0x080046c4
 FILL mask 0xff
 *(.data.CCMRAM .data.CCMRAM.*)
                0x10000000                . = ALIGN (0x4)
                0x080046c4                _sidata = LOADADDR (.data)

.data           0x20000000       0x78 load address 0x080046c4
 FILL mask 0xff
                0x20000000                _sdata = .
                0x20000000                __data_start__ = .
 *(.data_begin .data_begin.*)
 .data_begin    0x20000000        0x4 ./system/src/newlib/_startup.o
 *(.data .data.*)
 .data.argv.4310
                0x20000004        0x8 ./system/src/newlib/_syscalls.o
 .data.SystemCoreClock
                0x2000000c        0x4 ./system/src/cmsis/system_stm32f4xx.o
                0x2000000c                SystemCoreClock
 .data._impure_ptr
                0x20000010        0x4 e:/imt/01- imt sdk-20230807t061233z-001/01- imt sdk/imt_sdk_win_64/imt_sdk_win_64/winarm/armgcc/bin/../lib/gcc/arm-none-eabi/7.2.1/../../../../arm-none-eabi/lib/thumb/v7e-m\libg_nano.a(lib_a-impure.o)
                0x20000010                _impure_ptr
 .data.impure_data
                0x20000014       0x60 e:/imt/01- imt sdk-20230807t061233z-001/01- imt sdk/imt_sdk_win_64/imt_sdk_win_64/winarm/armgcc/bin/../lib/gcc/arm-none-eabi/7.2.1/../../../../arm-none-eabi/lib/thumb/v7e-m\libg_nano.a(lib_a-impure.o)
 *(.data_end .data_end.*)
 .data_end      0x20000074        0x4 ./system/src/newlib/_startup.o
                0x20000078                . = ALIGN (0x4)
                0x20000078                _edata = .
                0x20000078                __data_end__ = .

.igot.plt       0x20000078        0x0 load address 0x0800473c
 .igot.plt      0x20000078        0x0 ./system/src/stm32f4-hal/stm32f4xx_hal.o

.bss_CCMRAM     0x10000000        0x0
 *(.bss.CCMRAM .bss.CCMRAM.*)

.bss            0x20000078       0xfc
                0x20000078                __bss_start__ = .
                0x20000078                _sbss = .
 *(.bss_begin .bss_begin.*)
 .bss_begin     0x20000078        0x4 ./system/src/newlib/_startup.o
 *(.bss .bss.*)
 .bss.current_heap_end.3961
                0x2000007c        0x4 ./system/src/newlib/_sbrk.o
 .bss.name.4309
                0x20000080        0x1 ./system/src/newlib/_syscalls.o
 *fill*         0x20000081        0x3 
 .bss.buf.5205  0x20000084       0x80 ./system/src/diag/Trace.o
 .bss.Global_USART1_CallBack
                0x20000104        0x4 ./src/MCAL/MUART/MUART_Prog.o
                0x20000104                Global_USART1_CallBack
 .bss.Global_EXTI_CallBack
                0x20000108       0x40 ./src/MCAL/MEXTI/MEXTI_Prog.o
 .bss.__malloc_free_list
                0x20000148        0x4 e:/imt/01- imt sdk-20230807t061233z-001/01- imt sdk/imt_sdk_win_64/imt_sdk_win_64/winarm/armgcc/bin/../lib/gcc/arm-none-eabi/7.2.1/../../../../arm-none-eabi/lib/thumb/v7e-m\libg_nano.a(lib_a-nano-mallocr.o)
                0x20000148                __malloc_free_list
 .bss.__malloc_sbrk_start
                0x2000014c        0x4 e:/imt/01- imt sdk-20230807t061233z-001/01- imt sdk/imt_sdk_win_64/imt_sdk_win_64/winarm/armgcc/bin/../lib/gcc/arm-none-eabi/7.2.1/../../../../arm-none-eabi/lib/thumb/v7e-m\libg_nano.a(lib_a-nano-mallocr.o)
                0x2000014c                __malloc_sbrk_start
 *(COMMON)
 COMMON         0x20000150        0x4 ./system/src/stm32f4-hal/stm32f4xx_hal.o
                0x20000150                uwTick
 COMMON         0x20000154        0x4 ./system/src/newlib/_syscalls.o
                0x20000154                errno
 COMMON         0x20000158        0x4 ./src/MCAL/MNVIC/MNVIC_Prog.o
                0x20000158                Global_u32SetGroupPriority
 COMMON         0x2000015c       0x14 ./src/main.o
                0x2000015c                PassWord_u8_PassFlag
                0x20000160                Distance
                0x20000164                Temperature
                0x20000168                Keypad_Value
                0x20000169                Button_Value
                0x2000016a                Choice
                0x2000016c                Pressure
 *(.bss_end .bss_end.*)
 .bss_end       0x20000170        0x4 ./system/src/newlib/_startup.o
                0x20000174                . = ALIGN (0x4)
                0x20000174                __bss_end__ = .
                0x20000174                _ebss = .

.noinit_CCMRAM
 *(.noinit.CCMRAM .noinit.CCMRAM.*)

.noinit         0x20000174        0x0
                0x20000174                _noinit = .
 *(.noinit .noinit.*)
                0x20000174                . = ALIGN (0x4)
                0x20000174                _end_noinit = .
                [!provide]                PROVIDE (end, _end_noinit)
                [!provide]                PROVIDE (_end, _end_noinit)
                [!provide]                PROVIDE (__end, _end_noinit)
                [!provide]                PROVIDE (__end__, _end_noinit)

._check_stack   0x20000174      0x100
                0x20000274                . = (. + _Minimum_Stack_Size)
 *fill*         0x20000174      0x100 

.b1text
 *(.b1text)
 *(.b1rodata)
 *(.b1rodata.*)

.eb0text
 *(.eb0text)
 *(.eb0rodata)
 *(.eb0rodata.*)

.eb1text
 *(.eb1text)
 *(.eb1rodata)
 *(.eb1rodata.*)

.eb2text
 *(.eb2text)
 *(.eb2rodata)
 *(.eb2rodata.*)

.eb3text
 *(.eb3text)
 *(.eb3rodata)
 *(.eb3rodata.*)

.stab
 *(.stab)

.stabstr
 *(.stabstr)

.stab.excl
 *(.stab.excl)

.stab.exclstr
 *(.stab.exclstr)

.stab.index
 *(.stab.index)

.stab.indexstr
 *(.stab.indexstr)

.comment        0x00000000       0x7e
 *(.comment)
 .comment       0x00000000       0x7e ./system/src/stm32f4-hal/stm32f4xx_hal.o
                                 0x7f (size before relaxing)
 .comment       0x0000007e       0x7f ./system/src/stm32f4-hal/stm32f4xx_hal_cortex.o
 .comment       0x0000007e       0x7f ./system/src/stm32f4-hal/stm32f4xx_hal_rcc.o
 .comment       0x0000007e       0x7f ./system/src/newlib/_exit.o
 .comment       0x0000007e       0x7f ./system/src/newlib/_sbrk.o
 .comment       0x0000007e       0x7f ./system/src/newlib/_startup.o
 .comment       0x0000007e       0x7f ./system/src/newlib/_syscalls.o
 .comment       0x0000007e       0x7f ./system/src/newlib/assert.o
 .comment       0x0000007e       0x7f ./system/src/diag/Trace.o
 .comment       0x0000007e       0x7f ./system/src/diag/trace_impl.o
 .comment       0x0000007e       0x7f ./system/src/cortexm/_initialize_hardware.o
 .comment       0x0000007e       0x7f ./system/src/cortexm/exception_handlers.o
 .comment       0x0000007e       0x7f ./system/src/cmsis/system_stm32f4xx.o
 .comment       0x0000007e       0x7f ./system/src/cmsis/vectors_stm32f401xc.o
 .comment       0x0000007e       0x7f ./src/MCAL/MUART/MUART_Prog.o
 .comment       0x0000007e       0x7f ./src/MCAL/MRCC/MRCC_Prog.o
 .comment       0x0000007e       0x7f ./src/MCAL/MNVIC/MNVIC_Prog.o
 .comment       0x0000007e       0x7f ./src/MCAL/MGPIO/MGPIO_Prog.o
 .comment       0x0000007e       0x7f ./src/MCAL/MEXTI/MEXTI_Prog.o
 .comment       0x0000007e       0x7f ./src/MCAL/MADC/MADC_Prog.o
 .comment       0x0000007e       0x7f ./src/LIB/Delay/Delay_Prog.o
 .comment       0x0000007e       0x7f ./src/HAL/Ultrasonic/Ultrasonic_Prog.o
 .comment       0x0000007e       0x7f ./src/HAL/Switch/Switch_Prog.o
 .comment       0x0000007e       0x7f ./src/HAL/Push_Button/Push_Button_Prog.o
 .comment       0x0000007e       0x7f ./src/HAL/MPX4115/MPX4115_Prog.o
 .comment       0x0000007e       0x7f ./src/HAL/LM35/LM35_Prog.o
 .comment       0x0000007e       0x7f ./src/HAL/LED/LED_Prog.o
 .comment       0x0000007e       0x7f ./src/HAL/LCD/LCD_Prog.o
 .comment       0x0000007e       0x7f ./src/HAL/KeyPad/KeyPad_Prog.o
 .comment       0x0000007e       0x7f ./src/HAL/DC_MOTOR/DC_Motor_Prog.o
 .comment       0x0000007e       0x7f ./src/HAL/Buzzer/Buzzer_Prog.o
 .comment       0x0000007e       0x7f ./src/_initialize_hardware.o
 .comment       0x0000007e       0x7f ./src/main.o
 .comment       0x0000007e       0x7f ./src/stm32f4xx_hal_msp.o

.ARM.attributes
                0x00000000       0x31
 .ARM.attributes
                0x00000000       0x33 ./system/src/stm32f4-hal/stm32f4xx_hal.o
 .ARM.attributes
                0x00000033       0x33 ./system/src/stm32f4-hal/stm32f4xx_hal_cortex.o
 .ARM.attributes
                0x00000066       0x33 ./system/src/stm32f4-hal/stm32f4xx_hal_rcc.o
 .ARM.attributes
                0x00000099       0x33 ./system/src/newlib/_exit.o
 .ARM.attributes
                0x000000cc       0x33 ./system/src/newlib/_sbrk.o
 .ARM.attributes
                0x000000ff       0x33 ./system/src/newlib/_startup.o
 .ARM.attributes
                0x00000132       0x33 ./system/src/newlib/_syscalls.o
 .ARM.attributes
                0x00000165       0x33 ./system/src/newlib/assert.o
 .ARM.attributes
                0x00000198       0x33 ./system/src/diag/Trace.o
 .ARM.attributes
                0x000001cb       0x33 ./system/src/diag/trace_impl.o
 .ARM.attributes
                0x000001fe       0x33 ./system/src/cortexm/_initialize_hardware.o
 .ARM.attributes
                0x00000231       0x33 ./system/src/cortexm/exception_handlers.o
 .ARM.attributes
                0x00000264       0x33 ./system/src/cmsis/system_stm32f4xx.o
 .ARM.attributes
                0x00000297       0x33 ./system/src/cmsis/vectors_stm32f401xc.o
 .ARM.attributes
                0x000002ca       0x33 ./src/MCAL/MUART/MUART_Prog.o
 .ARM.attributes
                0x000002fd       0x33 ./src/MCAL/MRCC/MRCC_Prog.o
 .ARM.attributes
                0x00000330       0x33 ./src/MCAL/MNVIC/MNVIC_Prog.o
 .ARM.attributes
                0x00000363       0x33 ./src/MCAL/MGPIO/MGPIO_Prog.o
 .ARM.attributes
                0x00000396       0x33 ./src/MCAL/MEXTI/MEXTI_Prog.o
 .ARM.attributes
                0x000003c9       0x33 ./src/MCAL/MADC/MADC_Prog.o
 .ARM.attributes
                0x000003fc       0x33 ./src/LIB/Delay/Delay_Prog.o
 .ARM.attributes
                0x0000042f       0x33 ./src/HAL/Ultrasonic/Ultrasonic_Prog.o
 .ARM.attributes
                0x00000462       0x33 ./src/HAL/Switch/Switch_Prog.o
 .ARM.attributes
                0x00000495       0x33 ./src/HAL/Push_Button/Push_Button_Prog.o
 .ARM.attributes
                0x000004c8       0x33 ./src/HAL/MPX4115/MPX4115_Prog.o
 .ARM.attributes
                0x000004fb       0x33 ./src/HAL/LM35/LM35_Prog.o
 .ARM.attributes
                0x0000052e       0x33 ./src/HAL/LED/LED_Prog.o
 .ARM.attributes
                0x00000561       0x33 ./src/HAL/LCD/LCD_Prog.o
 .ARM.attributes
                0x00000594       0x33 ./src/HAL/KeyPad/KeyPad_Prog.o
 .ARM.attributes
                0x000005c7       0x33 ./src/HAL/DC_MOTOR/DC_Motor_Prog.o
 .ARM.attributes
                0x000005fa       0x33 ./src/HAL/Buzzer/Buzzer_Prog.o
 .ARM.attributes
                0x0000062d       0x33 ./src/_initialize_hardware.o
 .ARM.attributes
                0x00000660       0x33 ./src/main.o
 .ARM.attributes
                0x00000693       0x33 ./src/stm32f4xx_hal_msp.o
 .ARM.attributes
                0x000006c6       0x1e e:/imt/01- imt sdk-20230807t061233z-001/01- imt sdk/imt_sdk_win_64/imt_sdk_win_64/winarm/armgcc/bin/../lib/gcc/arm-none-eabi/7.2.1/thumb/v7e-m\libgcc.a(_arm_addsubdf3.o)
 .ARM.attributes
                0x000006e4       0x1e e:/imt/01- imt sdk-20230807t061233z-001/01- imt sdk/imt_sdk_win_64/imt_sdk_win_64/winarm/armgcc/bin/../lib/gcc/arm-none-eabi/7.2.1/thumb/v7e-m\libgcc.a(_arm_muldivdf3.o)
 .ARM.attributes
                0x00000702       0x1e e:/imt/01- imt sdk-20230807t061233z-001/01- imt sdk/imt_sdk_win_64/imt_sdk_win_64/winarm/armgcc/bin/../lib/gcc/arm-none-eabi/7.2.1/thumb/v7e-m\libgcc.a(_arm_fixunsdfsi.o)
 .ARM.attributes
                0x00000720       0x1e e:/imt/01- imt sdk-20230807t061233z-001/01- imt sdk/imt_sdk_win_64/imt_sdk_win_64/winarm/armgcc/bin/../lib/gcc/arm-none-eabi/7.2.1/thumb/v7e-m\libgcc.a(_arm_truncdfsf2.o)
 .ARM.attributes
                0x0000073e       0x1e e:/imt/01- imt sdk-20230807t061233z-001/01- imt sdk/imt_sdk_win_64/imt_sdk_win_64/winarm/armgcc/bin/../lib/gcc/arm-none-eabi/7.2.1/thumb/v7e-m\libgcc.a(_arm_addsubsf3.o)
 .ARM.attributes
                0x0000075c       0x1e e:/imt/01- imt sdk-20230807t061233z-001/01- imt sdk/imt_sdk_win_64/imt_sdk_win_64/winarm/armgcc/bin/../lib/gcc/arm-none-eabi/7.2.1/thumb/v7e-m\libgcc.a(_arm_muldivsf3.o)
 .ARM.attributes
                0x0000077a       0x1e e:/imt/01- imt sdk-20230807t061233z-001/01- imt sdk/imt_sdk_win_64/imt_sdk_win_64/winarm/armgcc/bin/../lib/gcc/arm-none-eabi/7.2.1/thumb/v7e-m\libgcc.a(_arm_cmpsf2.o)
 .ARM.attributes
                0x00000798       0x1e e:/imt/01- imt sdk-20230807t061233z-001/01- imt sdk/imt_sdk_win_64/imt_sdk_win_64/winarm/armgcc/bin/../lib/gcc/arm-none-eabi/7.2.1/thumb/v7e-m\libgcc.a(_aeabi_uldivmod.o)
 .ARM.attributes
                0x000007b6       0x2e e:/imt/01- imt sdk-20230807t061233z-001/01- imt sdk/imt_sdk_win_64/imt_sdk_win_64/winarm/armgcc/bin/../lib/gcc/arm-none-eabi/7.2.1/thumb/v7e-m\libgcc.a(_fixunssfdi.o)
 .ARM.attributes
                0x000007e4       0x2e e:/imt/01- imt sdk-20230807t061233z-001/01- imt sdk/imt_sdk_win_64/imt_sdk_win_64/winarm/armgcc/bin/../lib/gcc/arm-none-eabi/7.2.1/thumb/v7e-m\libgcc.a(_udivmoddi4.o)
 .ARM.attributes
                0x00000812       0x1e e:/imt/01- imt sdk-20230807t061233z-001/01- imt sdk/imt_sdk_win_64/imt_sdk_win_64/winarm/armgcc/bin/../lib/gcc/arm-none-eabi/7.2.1/thumb/v7e-m\libgcc.a(_dvmd_tls.o)
 .ARM.attributes
                0x00000830       0x2e e:/imt/01- imt sdk-20230807t061233z-001/01- imt sdk/imt_sdk_win_64/imt_sdk_win_64/winarm/armgcc/bin/../lib/gcc/arm-none-eabi/7.2.1/../../../../arm-none-eabi/lib/thumb/v7e-m\libg_nano.a(lib_a-errno.o)
 .ARM.attributes
                0x0000085e       0x2e e:/imt/01- imt sdk-20230807t061233z-001/01- imt sdk/imt_sdk_win_64/imt_sdk_win_64/winarm/armgcc/bin/../lib/gcc/arm-none-eabi/7.2.1/../../../../arm-none-eabi/lib/thumb/v7e-m\libg_nano.a(lib_a-impure.o)
 .ARM.attributes
                0x0000088c       0x1c e:/imt/01- imt sdk-20230807t061233z-001/01- imt sdk/imt_sdk_win_64/imt_sdk_win_64/winarm/armgcc/bin/../lib/gcc/arm-none-eabi/7.2.1/../../../../arm-none-eabi/lib/thumb/v7e-m\libg_nano.a(lib_a-strcmp.o)
 .ARM.attributes
                0x000008a8       0x17 e:/imt/01- imt sdk-20230807t061233z-001/01- imt sdk/imt_sdk_win_64/imt_sdk_win_64/winarm/armgcc/bin/../lib/gcc/arm-none-eabi/7.2.1/../../../../arm-none-eabi/lib/thumb/v7e-m\libg_nano.a(lib_a-strlen.o)
 .ARM.attributes
                0x000008bf       0x2e e:/imt/01- imt sdk-20230807t061233z-001/01- imt sdk/imt_sdk_win_64/imt_sdk_win_64/winarm/armgcc/bin/../lib/gcc/arm-none-eabi/7.2.1/../../../../arm-none-eabi/lib/thumb/v7e-m\libg_nano.a(lib_a-vsnprintf.o)
 .ARM.attributes
                0x000008ed       0x2e e:/imt/01- imt sdk-20230807t061233z-001/01- imt sdk/imt_sdk_win_64/imt_sdk_win_64/winarm/armgcc/bin/../lib/gcc/arm-none-eabi/7.2.1/../../../../arm-none-eabi/lib/thumb/v7e-m\libg_nano.a(lib_a-nano-svfprintf.o)
 .ARM.attributes
                0x0000091b       0x2e e:/imt/01- imt sdk-20230807t061233z-001/01- imt sdk/imt_sdk_win_64/imt_sdk_win_64/winarm/armgcc/bin/../lib/gcc/arm-none-eabi/7.2.1/../../../../arm-none-eabi/lib/thumb/v7e-m\libg_nano.a(lib_a-nano-vfprintf_i.o)
 .ARM.attributes
                0x00000949       0x1c e:/imt/01- imt sdk-20230807t061233z-001/01- imt sdk/imt_sdk_win_64/imt_sdk_win_64/winarm/armgcc/bin/../lib/gcc/arm-none-eabi/7.2.1/../../../../arm-none-eabi/lib/thumb/v7e-m\libg_nano.a(lib_a-memchr.o)
 .ARM.attributes
                0x00000965       0x2e e:/imt/01- imt sdk-20230807t061233z-001/01- imt sdk/imt_sdk_win_64/imt_sdk_win_64/winarm/armgcc/bin/../lib/gcc/arm-none-eabi/7.2.1/../../../../arm-none-eabi/lib/thumb/v7e-m\libg_nano.a(lib_a-memcpy-stub.o)
 .ARM.attributes
                0x00000993       0x2e e:/imt/01- imt sdk-20230807t061233z-001/01- imt sdk/imt_sdk_win_64/imt_sdk_win_64/winarm/armgcc/bin/../lib/gcc/arm-none-eabi/7.2.1/../../../../arm-none-eabi/lib/thumb/v7e-m\libg_nano.a(lib_a-memmove.o)
 .ARM.attributes
                0x000009c1       0x2e e:/imt/01- imt sdk-20230807t061233z-001/01- imt sdk/imt_sdk_win_64/imt_sdk_win_64/winarm/armgcc/bin/../lib/gcc/arm-none-eabi/7.2.1/../../../../arm-none-eabi/lib/thumb/v7e-m\libg_nano.a(lib_a-nano-freer.o)
 .ARM.attributes
                0x000009ef       0x2e e:/imt/01- imt sdk-20230807t061233z-001/01- imt sdk/imt_sdk_win_64/imt_sdk_win_64/winarm/armgcc/bin/../lib/gcc/arm-none-eabi/7.2.1/../../../../arm-none-eabi/lib/thumb/v7e-m\libg_nano.a(lib_a-nano-mallocr.o)
 .ARM.attributes
                0x00000a1d       0x2e e:/imt/01- imt sdk-20230807t061233z-001/01- imt sdk/imt_sdk_win_64/imt_sdk_win_64/winarm/armgcc/bin/../lib/gcc/arm-none-eabi/7.2.1/../../../../arm-none-eabi/lib/thumb/v7e-m\libg_nano.a(lib_a-nano-reallocr.o)
 .ARM.attributes
                0x00000a4b       0x2e e:/imt/01- imt sdk-20230807t061233z-001/01- imt sdk/imt_sdk_win_64/imt_sdk_win_64/winarm/armgcc/bin/../lib/gcc/arm-none-eabi/7.2.1/../../../../arm-none-eabi/lib/thumb/v7e-m\libg_nano.a(lib_a-sbrkr.o)
 .ARM.attributes
                0x00000a79       0x2e e:/imt/01- imt sdk-20230807t061233z-001/01- imt sdk/imt_sdk_win_64/imt_sdk_win_64/winarm/armgcc/bin/../lib/gcc/arm-none-eabi/7.2.1/../../../../arm-none-eabi/lib/thumb/v7e-m\libg_nano.a(lib_a-mlock.o)
 .ARM.attributes
                0x00000aa7       0x2e e:/imt/01- imt sdk-20230807t061233z-001/01- imt sdk/imt_sdk_win_64/imt_sdk_win_64/winarm/armgcc/bin/../lib/gcc/arm-none-eabi/7.2.1/../../../../arm-none-eabi/lib/thumb/v7e-m\libg_nano.a(lib_a-nano-msizer.o)

.debug
 *(.debug)

.line
 *(.line)

.debug_srcinfo
 *(.debug_srcinfo)

.debug_sfnames
 *(.debug_sfnames)

.debug_aranges  0x00000000      0x8c8
 *(.debug_aranges)
 .debug_aranges
                0x00000000       0xc0 ./system/src/stm32f4-hal/stm32f4xx_hal.o
 .debug_aranges
                0x000000c0       0x98 ./system/src/stm32f4-hal/stm32f4xx_hal_cortex.o
 .debug_aranges
                0x00000158       0x88 ./system/src/stm32f4-hal/stm32f4xx_hal_rcc.o
 .debug_aranges
                0x000001e0       0x28 ./system/src/newlib/_exit.o
 .debug_aranges
                0x00000208       0x20 ./system/src/newlib/_sbrk.o
 .debug_aranges
                0x00000228       0x40 ./system/src/newlib/_startup.o
 .debug_aranges
                0x00000268       0x30 ./system/src/newlib/_syscalls.o
 .debug_aranges
                0x00000298       0x28 ./system/src/newlib/assert.o
 .debug_aranges
                0x000002c0       0x38 ./system/src/diag/Trace.o
 .debug_aranges
                0x000002f8       0x30 ./system/src/diag/trace_impl.o
 .debug_aranges
                0x00000328       0x28 ./system/src/cortexm/_initialize_hardware.o
 .debug_aranges
                0x00000350       0x90 ./system/src/cortexm/exception_handlers.o
 .debug_aranges
                0x000003e0       0x28 ./system/src/cmsis/system_stm32f4xx.o
 .debug_aranges
                0x00000408       0x20 ./system/src/cmsis/vectors_stm32f401xc.o
 .debug_aranges
                0x00000428       0x58 ./src/MCAL/MUART/MUART_Prog.o
 .debug_aranges
                0x00000480       0x38 ./src/MCAL/MRCC/MRCC_Prog.o
 .debug_aranges
                0x000004b8       0x40 ./src/MCAL/MNVIC/MNVIC_Prog.o
 .debug_aranges
                0x000004f8       0x70 ./src/MCAL/MGPIO/MGPIO_Prog.o
 .debug_aranges
                0x00000568       0x60 ./src/MCAL/MEXTI/MEXTI_Prog.o
 .debug_aranges
                0x000005c8       0x30 ./src/MCAL/MADC/MADC_Prog.o
 .debug_aranges
                0x000005f8       0x28 ./src/LIB/Delay/Delay_Prog.o
 .debug_aranges
                0x00000620       0x28 ./src/HAL/Ultrasonic/Ultrasonic_Prog.o
 .debug_aranges
                0x00000648       0x28 ./src/HAL/Switch/Switch_Prog.o
 .debug_aranges
                0x00000670       0x28 ./src/HAL/Push_Button/Push_Button_Prog.o
 .debug_aranges
                0x00000698       0x28 ./src/HAL/MPX4115/MPX4115_Prog.o
 .debug_aranges
                0x000006c0       0x20 ./src/HAL/LM35/LM35_Prog.o
 .debug_aranges
                0x000006e0       0x38 ./src/HAL/LED/LED_Prog.o
 .debug_aranges
                0x00000718       0x58 ./src/HAL/LCD/LCD_Prog.o
 .debug_aranges
                0x00000770       0x28 ./src/HAL/KeyPad/KeyPad_Prog.o
 .debug_aranges
                0x00000798       0x28 ./src/HAL/DC_MOTOR/DC_Motor_Prog.o
 .debug_aranges
                0x000007c0       0x50 ./src/HAL/Buzzer/Buzzer_Prog.o
 .debug_aranges
                0x00000810       0x28 ./src/_initialize_hardware.o
 .debug_aranges
                0x00000838       0x58 ./src/main.o
 .debug_aranges
                0x00000890       0x38 ./src/stm32f4xx_hal_msp.o

.debug_pubnames
 *(.debug_pubnames)

.debug_info     0x00000000    0x10f24
 *(.debug_info .gnu.linkonce.wi.*)
 .debug_info    0x00000000     0x107e ./system/src/stm32f4-hal/stm32f4xx_hal.o
 .debug_info    0x0000107e     0x1863 ./system/src/stm32f4-hal/stm32f4xx_hal_cortex.o
 .debug_info    0x000028e1     0x177e ./system/src/stm32f4-hal/stm32f4xx_hal_rcc.o
 .debug_info    0x0000405f      0x956 ./system/src/newlib/_exit.o
 .debug_info    0x000049b5      0x942 ./system/src/newlib/_sbrk.o
 .debug_info    0x000052f7      0x4bf ./system/src/newlib/_startup.o
 .debug_info    0x000057b6      0xa19 ./system/src/newlib/_syscalls.o
 .debug_info    0x000061cf      0x9ff ./system/src/newlib/assert.o
 .debug_info    0x00006bce      0xb2a ./system/src/diag/Trace.o
 .debug_info    0x000076f8      0xb6b ./system/src/diag/trace_impl.o
 .debug_info    0x00008263      0xade ./system/src/cortexm/_initialize_hardware.o
 .debug_info    0x00008d41     0x115a ./system/src/cortexm/exception_handlers.o
 .debug_info    0x00009e9b      0xcfe ./system/src/cmsis/system_stm32f4xx.o
 .debug_info    0x0000ab99       0xca ./system/src/cmsis/vectors_stm32f401xc.o
 .debug_info    0x0000ac63      0x320 ./src/MCAL/MUART/MUART_Prog.o
 .debug_info    0x0000af83      0x260 ./src/MCAL/MRCC/MRCC_Prog.o
 .debug_info    0x0000b1e3      0x305 ./src/MCAL/MNVIC/MNVIC_Prog.o
 .debug_info    0x0000b4e8      0x41d ./src/MCAL/MGPIO/MGPIO_Prog.o
 .debug_info    0x0000b905      0x38d ./src/MCAL/MEXTI/MEXTI_Prog.o
 .debug_info    0x0000bc92      0x1f4 ./src/MCAL/MADC/MADC_Prog.o
 .debug_info    0x0000be86      0x101 ./src/LIB/Delay/Delay_Prog.o
 .debug_info    0x0000bf87      0x200 ./src/HAL/Ultrasonic/Ultrasonic_Prog.o
 .debug_info    0x0000c187      0x1db ./src/HAL/Switch/Switch_Prog.o
 .debug_info    0x0000c362      0x214 ./src/HAL/Push_Button/Push_Button_Prog.o
 .debug_info    0x0000c576      0x18d ./src/HAL/MPX4115/MPX4115_Prog.o
 .debug_info    0x0000c703      0x139 ./src/HAL/LM35/LM35_Prog.o
 .debug_info    0x0000c83c      0x27b ./src/HAL/LED/LED_Prog.o
 .debug_info    0x0000cab7      0x77a ./src/HAL/LCD/LCD_Prog.o
 .debug_info    0x0000d231      0x307 ./src/HAL/KeyPad/KeyPad_Prog.o
 .debug_info    0x0000d538      0x2c6 ./src/HAL/DC_MOTOR/DC_Motor_Prog.o
 .debug_info    0x0000d7fe      0x417 ./src/HAL/Buzzer/Buzzer_Prog.o
 .debug_info    0x0000dc15      0xd34 ./src/_initialize_hardware.o
 .debug_info    0x0000e949     0x1ccc ./src/main.o
 .debug_info    0x00010615      0x90f ./src/stm32f4xx_hal_msp.o

.debug_abbrev   0x00000000     0x375b
 *(.debug_abbrev)
 .debug_abbrev  0x00000000      0x32b ./system/src/stm32f4-hal/stm32f4xx_hal.o
 .debug_abbrev  0x0000032b      0x3f1 ./system/src/stm32f4-hal/stm32f4xx_hal_cortex.o
 .debug_abbrev  0x0000071c      0x394 ./system/src/stm32f4-hal/stm32f4xx_hal_rcc.o
 .debug_abbrev  0x00000ab0      0x1f3 ./system/src/newlib/_exit.o
 .debug_abbrev  0x00000ca3      0x1fc ./system/src/newlib/_sbrk.o
 .debug_abbrev  0x00000e9f      0x1cb ./system/src/newlib/_startup.o
 .debug_abbrev  0x0000106a      0x234 ./system/src/newlib/_syscalls.o
 .debug_abbrev  0x0000129e      0x1f3 ./system/src/newlib/assert.o
 .debug_abbrev  0x00001491      0x276 ./system/src/diag/Trace.o
 .debug_abbrev  0x00001707      0x2ef ./system/src/diag/trace_impl.o
 .debug_abbrev  0x000019f6      0x1de ./system/src/cortexm/_initialize_hardware.o
 .debug_abbrev  0x00001bd4      0x32b ./system/src/cortexm/exception_handlers.o
 .debug_abbrev  0x00001eff      0x216 ./system/src/cmsis/system_stm32f4xx.o
 .debug_abbrev  0x00002115       0x9d ./system/src/cmsis/vectors_stm32f401xc.o
 .debug_abbrev  0x000021b2      0x178 ./src/MCAL/MUART/MUART_Prog.o
 .debug_abbrev  0x0000232a      0x105 ./src/MCAL/MRCC/MRCC_Prog.o
 .debug_abbrev  0x0000242f      0x12f ./src/MCAL/MNVIC/MNVIC_Prog.o
 .debug_abbrev  0x0000255e      0x15a ./src/MCAL/MGPIO/MGPIO_Prog.o
 .debug_abbrev  0x000026b8      0x134 ./src/MCAL/MEXTI/MEXTI_Prog.o
 .debug_abbrev  0x000027ec       0xdd ./src/MCAL/MADC/MADC_Prog.o
 .debug_abbrev  0x000028c9       0x91 ./src/LIB/Delay/Delay_Prog.o
 .debug_abbrev  0x0000295a       0xb4 ./src/HAL/Ultrasonic/Ultrasonic_Prog.o
 .debug_abbrev  0x00002a0e       0xc3 ./src/HAL/Switch/Switch_Prog.o
 .debug_abbrev  0x00002ad1       0xc3 ./src/HAL/Push_Button/Push_Button_Prog.o
 .debug_abbrev  0x00002b94       0xd9 ./src/HAL/MPX4115/MPX4115_Prog.o
 .debug_abbrev  0x00002c6d       0xb2 ./src/HAL/LM35/LM35_Prog.o
 .debug_abbrev  0x00002d1f       0x98 ./src/HAL/LED/LED_Prog.o
 .debug_abbrev  0x00002db7      0x103 ./src/HAL/LCD/LCD_Prog.o
 .debug_abbrev  0x00002eba       0xe4 ./src/HAL/KeyPad/KeyPad_Prog.o
 .debug_abbrev  0x00002f9e       0xbf ./src/HAL/DC_MOTOR/DC_Motor_Prog.o
 .debug_abbrev  0x0000305d       0x98 ./src/HAL/Buzzer/Buzzer_Prog.o
 .debug_abbrev  0x000030f5      0x22d ./src/_initialize_hardware.o
 .debug_abbrev  0x00003322      0x288 ./src/main.o
 .debug_abbrev  0x000035aa      0x1b1 ./src/stm32f4xx_hal_msp.o

.debug_line     0x00000000     0xa5bc
 *(.debug_line)
 .debug_line    0x00000000      0xc34 ./system/src/stm32f4-hal/stm32f4xx_hal.o
 .debug_line    0x00000c34      0xd2b ./system/src/stm32f4-hal/stm32f4xx_hal_cortex.o
 .debug_line    0x0000195f      0xeb6 ./system/src/stm32f4-hal/stm32f4xx_hal_rcc.o
 .debug_line    0x00002815      0x3f7 ./system/src/newlib/_exit.o
 .debug_line    0x00002c0c      0x3ab ./system/src/newlib/_sbrk.o
 .debug_line    0x00002fb7      0x473 ./system/src/newlib/_startup.o
 .debug_line    0x0000342a      0x4eb ./system/src/newlib/_syscalls.o
 .debug_line    0x00003915      0x432 ./system/src/newlib/assert.o
 .debug_line    0x00003d47      0x473 ./system/src/diag/Trace.o
 .debug_line    0x000041ba      0xb67 ./system/src/diag/trace_impl.o
 .debug_line    0x00004d21      0xad0 ./system/src/cortexm/_initialize_hardware.o
 .debug_line    0x000057f1      0xc1e ./system/src/cortexm/exception_handlers.o
 .debug_line    0x0000640f      0xad6 ./system/src/cmsis/system_stm32f4xx.o
 .debug_line    0x00006ee5      0x12c ./system/src/cmsis/vectors_stm32f401xc.o
 .debug_line    0x00007011      0x14c ./src/MCAL/MUART/MUART_Prog.o
 .debug_line    0x0000715d      0x1b5 ./src/MCAL/MRCC/MRCC_Prog.o
 .debug_line    0x00007312      0x112 ./src/MCAL/MNVIC/MNVIC_Prog.o
 .debug_line    0x00007424      0x1f5 ./src/MCAL/MGPIO/MGPIO_Prog.o
 .debug_line    0x00007619      0x165 ./src/MCAL/MEXTI/MEXTI_Prog.o
 .debug_line    0x0000777e      0x10c ./src/MCAL/MADC/MADC_Prog.o
 .debug_line    0x0000788a       0xda ./src/LIB/Delay/Delay_Prog.o
 .debug_line    0x00007964      0x151 ./src/HAL/Ultrasonic/Ultrasonic_Prog.o
 .debug_line    0x00007ab5      0x133 ./src/HAL/Switch/Switch_Prog.o
 .debug_line    0x00007be8      0x154 ./src/HAL/Push_Button/Push_Button_Prog.o
 .debug_line    0x00007d3c      0x150 ./src/HAL/MPX4115/MPX4115_Prog.o
 .debug_line    0x00007e8c      0x12f ./src/HAL/LM35/LM35_Prog.o
 .debug_line    0x00007fbb      0x151 ./src/HAL/LED/LED_Prog.o
 .debug_line    0x0000810c      0x20c ./src/HAL/LCD/LCD_Prog.o
 .debug_line    0x00008318      0x1a6 ./src/HAL/KeyPad/KeyPad_Prog.o
 .debug_line    0x000084be      0x133 ./src/HAL/DC_MOTOR/DC_Motor_Prog.o
 .debug_line    0x000085f1      0x18c ./src/HAL/Buzzer/Buzzer_Prog.o
 .debug_line    0x0000877d      0xac9 ./src/_initialize_hardware.o
 .debug_line    0x00009246      0x8ac ./src/main.o
 .debug_line    0x00009af2      0xaca ./src/stm32f4xx_hal_msp.o

.debug_frame    0x00000000     0x17c4
 *(.debug_frame)
 .debug_frame   0x00000000      0x188 ./system/src/stm32f4-hal/stm32f4xx_hal.o
 .debug_frame   0x00000188      0x17c ./system/src/stm32f4-hal/stm32f4xx_hal_cortex.o
 .debug_frame   0x00000304      0x140 ./system/src/stm32f4-hal/stm32f4xx_hal_rcc.o
 .debug_frame   0x00000444       0x38 ./system/src/newlib/_exit.o
 .debug_frame   0x0000047c       0x28 ./system/src/newlib/_sbrk.o
 .debug_frame   0x000004a4       0x7c ./system/src/newlib/_startup.o
 .debug_frame   0x00000520       0x50 ./system/src/newlib/_syscalls.o
 .debug_frame   0x00000570       0x40 ./system/src/newlib/assert.o
 .debug_frame   0x000005b0       0x94 ./system/src/diag/Trace.o
 .debug_frame   0x00000644       0x64 ./system/src/diag/trace_impl.o
 .debug_frame   0x000006a8       0x40 ./system/src/cortexm/_initialize_hardware.o
 .debug_frame   0x000006e8      0x158 ./system/src/cortexm/exception_handlers.o
 .debug_frame   0x00000840       0x30 ./system/src/cmsis/system_stm32f4xx.o
 .debug_frame   0x00000870       0x20 ./system/src/cmsis/vectors_stm32f401xc.o
 .debug_frame   0x00000890       0xa4 ./src/MCAL/MUART/MUART_Prog.o
 .debug_frame   0x00000934       0x50 ./src/MCAL/MRCC/MRCC_Prog.o
 .debug_frame   0x00000984       0x78 ./src/MCAL/MNVIC/MNVIC_Prog.o
 .debug_frame   0x000009fc      0x10c ./src/MCAL/MGPIO/MGPIO_Prog.o
 .debug_frame   0x00000b08       0xb0 ./src/MCAL/MEXTI/MEXTI_Prog.o
 .debug_frame   0x00000bb8       0x48 ./src/MCAL/MADC/MADC_Prog.o
 .debug_frame   0x00000c00       0x40 ./src/LIB/Delay/Delay_Prog.o
 .debug_frame   0x00000c40       0x40 ./src/HAL/Ultrasonic/Ultrasonic_Prog.o
 .debug_frame   0x00000c80       0x48 ./src/HAL/Switch/Switch_Prog.o
 .debug_frame   0x00000cc8       0x4c ./src/HAL/Push_Button/Push_Button_Prog.o
 .debug_frame   0x00000d14       0x44 ./src/HAL/MPX4115/MPX4115_Prog.o
 .debug_frame   0x00000d58       0x2c ./src/HAL/LM35/LM35_Prog.o
 .debug_frame   0x00000d84       0x70 ./src/HAL/LED/LED_Prog.o
 .debug_frame   0x00000df4       0xf0 ./src/HAL/LCD/LCD_Prog.o
 .debug_frame   0x00000ee4       0x4c ./src/HAL/KeyPad/KeyPad_Prog.o
 .debug_frame   0x00000f30       0x40 ./src/HAL/DC_MOTOR/DC_Motor_Prog.o
 .debug_frame   0x00000f70       0xcc ./src/HAL/Buzzer/Buzzer_Prog.o
 .debug_frame   0x0000103c       0x4c ./src/_initialize_hardware.o
 .debug_frame   0x00001088       0xe8 ./src/main.o
 .debug_frame   0x00001170       0x50 ./src/stm32f4xx_hal_msp.o
 .debug_frame   0x000011c0       0xac e:/imt/01- imt sdk-20230807t061233z-001/01- imt sdk/imt_sdk_win_64/imt_sdk_win_64/winarm/armgcc/bin/../lib/gcc/arm-none-eabi/7.2.1/thumb/v7e-m\libgcc.a(_arm_addsubdf3.o)
 .debug_frame   0x0000126c       0x50 e:/imt/01- imt sdk-20230807t061233z-001/01- imt sdk/imt_sdk_win_64/imt_sdk_win_64/winarm/armgcc/bin/../lib/gcc/arm-none-eabi/7.2.1/thumb/v7e-m\libgcc.a(_arm_muldivdf3.o)
 .debug_frame   0x000012bc       0x24 e:/imt/01- imt sdk-20230807t061233z-001/01- imt sdk/imt_sdk_win_64/imt_sdk_win_64/winarm/armgcc/bin/../lib/gcc/arm-none-eabi/7.2.1/thumb/v7e-m\libgcc.a(_arm_fixunsdfsi.o)
 .debug_frame   0x000012e0       0x24 e:/imt/01- imt sdk-20230807t061233z-001/01- imt sdk/imt_sdk_win_64/imt_sdk_win_64/winarm/armgcc/bin/../lib/gcc/arm-none-eabi/7.2.1/thumb/v7e-m\libgcc.a(_arm_truncdfsf2.o)
 .debug_frame   0x00001304       0x4c e:/imt/01- imt sdk-20230807t061233z-001/01- imt sdk/imt_sdk_win_64/imt_sdk_win_64/winarm/armgcc/bin/../lib/gcc/arm-none-eabi/7.2.1/thumb/v7e-m\libgcc.a(_arm_addsubsf3.o)
 .debug_frame   0x00001350       0x38 e:/imt/01- imt sdk-20230807t061233z-001/01- imt sdk/imt_sdk_win_64/imt_sdk_win_64/winarm/armgcc/bin/../lib/gcc/arm-none-eabi/7.2.1/thumb/v7e-m\libgcc.a(_arm_muldivsf3.o)
 .debug_frame   0x00001388       0xc8 e:/imt/01- imt sdk-20230807t061233z-001/01- imt sdk/imt_sdk_win_64/imt_sdk_win_64/winarm/armgcc/bin/../lib/gcc/arm-none-eabi/7.2.1/thumb/v7e-m\libgcc.a(_arm_cmpsf2.o)
 .debug_frame   0x00001450       0x2c e:/imt/01- imt sdk-20230807t061233z-001/01- imt sdk/imt_sdk_win_64/imt_sdk_win_64/winarm/armgcc/bin/../lib/gcc/arm-none-eabi/7.2.1/thumb/v7e-m\libgcc.a(_aeabi_uldivmod.o)
 .debug_frame   0x0000147c       0x2c e:/imt/01- imt sdk-20230807t061233z-001/01- imt sdk/imt_sdk_win_64/imt_sdk_win_64/winarm/armgcc/bin/../lib/gcc/arm-none-eabi/7.2.1/thumb/v7e-m\libgcc.a(_fixunssfdi.o)
 .debug_frame   0x000014a8       0x34 e:/imt/01- imt sdk-20230807t061233z-001/01- imt sdk/imt_sdk_win_64/imt_sdk_win_64/winarm/armgcc/bin/../lib/gcc/arm-none-eabi/7.2.1/thumb/v7e-m\libgcc.a(_udivmoddi4.o)
 .debug_frame   0x000014dc       0x20 e:/imt/01- imt sdk-20230807t061233z-001/01- imt sdk/imt_sdk_win_64/imt_sdk_win_64/winarm/armgcc/bin/../lib/gcc/arm-none-eabi/7.2.1/../../../../arm-none-eabi/lib/thumb/v7e-m\libg_nano.a(lib_a-errno.o)
 .debug_frame   0x000014fc       0x20 e:/imt/01- imt sdk-20230807t061233z-001/01- imt sdk/imt_sdk_win_64/imt_sdk_win_64/winarm/armgcc/bin/../lib/gcc/arm-none-eabi/7.2.1/../../../../arm-none-eabi/lib/thumb/v7e-m\libg_nano.a(lib_a-strcmp.o)
 .debug_frame   0x0000151c       0x4c e:/imt/01- imt sdk-20230807t061233z-001/01- imt sdk/imt_sdk_win_64/imt_sdk_win_64/winarm/armgcc/bin/../lib/gcc/arm-none-eabi/7.2.1/../../../../arm-none-eabi/lib/thumb/v7e-m\libg_nano.a(lib_a-vsnprintf.o)
 .debug_frame   0x00001568       0x90 e:/imt/01- imt sdk-20230807t061233z-001/01- imt sdk/imt_sdk_win_64/imt_sdk_win_64/winarm/armgcc/bin/../lib/gcc/arm-none-eabi/7.2.1/../../../../arm-none-eabi/lib/thumb/v7e-m\libg_nano.a(lib_a-nano-svfprintf.o)
 .debug_frame   0x000015f8       0x60 e:/imt/01- imt sdk-20230807t061233z-001/01- imt sdk/imt_sdk_win_64/imt_sdk_win_64/winarm/armgcc/bin/../lib/gcc/arm-none-eabi/7.2.1/../../../../arm-none-eabi/lib/thumb/v7e-m\libg_nano.a(lib_a-nano-vfprintf_i.o)
 .debug_frame   0x00001658       0x28 e:/imt/01- imt sdk-20230807t061233z-001/01- imt sdk/imt_sdk_win_64/imt_sdk_win_64/winarm/armgcc/bin/../lib/gcc/arm-none-eabi/7.2.1/../../../../arm-none-eabi/lib/thumb/v7e-m\libg_nano.a(lib_a-memcpy-stub.o)
 .debug_frame   0x00001680       0x28 e:/imt/01- imt sdk-20230807t061233z-001/01- imt sdk/imt_sdk_win_64/imt_sdk_win_64/winarm/armgcc/bin/../lib/gcc/arm-none-eabi/7.2.1/../../../../arm-none-eabi/lib/thumb/v7e-m\libg_nano.a(lib_a-memmove.o)
 .debug_frame   0x000016a8       0x38 e:/imt/01- imt sdk-20230807t061233z-001/01- imt sdk/imt_sdk_win_64/imt_sdk_win_64/winarm/armgcc/bin/../lib/gcc/arm-none-eabi/7.2.1/../../../../arm-none-eabi/lib/thumb/v7e-m\libg_nano.a(lib_a-nano-freer.o)
 .debug_frame   0x000016e0       0x2c e:/imt/01- imt sdk-20230807t061233z-001/01- imt sdk/imt_sdk_win_64/imt_sdk_win_64/winarm/armgcc/bin/../lib/gcc/arm-none-eabi/7.2.1/../../../../arm-none-eabi/lib/thumb/v7e-m\libg_nano.a(lib_a-nano-mallocr.o)
 .debug_frame   0x0000170c       0x3c e:/imt/01- imt sdk-20230807t061233z-001/01- imt sdk/imt_sdk_win_64/imt_sdk_win_64/winarm/armgcc/bin/../lib/gcc/arm-none-eabi/7.2.1/../../../../arm-none-eabi/lib/thumb/v7e-m\libg_nano.a(lib_a-nano-reallocr.o)
 .debug_frame   0x00001748       0x2c e:/imt/01- imt sdk-20230807t061233z-001/01- imt sdk/imt_sdk_win_64/imt_sdk_win_64/winarm/armgcc/bin/../lib/gcc/arm-none-eabi/7.2.1/../../../../arm-none-eabi/lib/thumb/v7e-m\libg_nano.a(lib_a-sbrkr.o)
 .debug_frame   0x00001774       0x30 e:/imt/01- imt sdk-20230807t061233z-001/01- imt sdk/imt_sdk_win_64/imt_sdk_win_64/winarm/armgcc/bin/../lib/gcc/arm-none-eabi/7.2.1/../../../../arm-none-eabi/lib/thumb/v7e-m\libg_nano.a(lib_a-mlock.o)
 .debug_frame   0x000017a4       0x20 e:/imt/01- imt sdk-20230807t061233z-001/01- imt sdk/imt_sdk_win_64/imt_sdk_win_64/winarm/armgcc/bin/../lib/gcc/arm-none-eabi/7.2.1/../../../../arm-none-eabi/lib/thumb/v7e-m\libg_nano.a(lib_a-nano-msizer.o)

.debug_str      0x00000000    0x75cd1
 *(.debug_str)
 .debug_str     0x00000000    0x6fc40 ./system/src/stm32f4-hal/stm32f4xx_hal.o
                              0x70074 (size before relaxing)
 .debug_str     0x0006fc40      0x396 ./system/src/stm32f4-hal/stm32f4xx_hal_cortex.o
                              0x6fede (size before relaxing)
 .debug_str     0x0006ffd6      0x3d5 ./system/src/stm32f4-hal/stm32f4xx_hal_rcc.o
                              0x6fbf6 (size before relaxing)
 .debug_str     0x000703ab     0x10ff ./system/src/newlib/_exit.o
                               0x7ed5 (size before relaxing)
 .debug_str     0x000714aa      0x4f5 ./system/src/newlib/_sbrk.o
                               0x7287 (size before relaxing)
 .debug_str     0x0007199f      0x2c6 ./system/src/newlib/_startup.o
                               0x6a28 (size before relaxing)
 .debug_str     0x00071c65      0xe8b ./system/src/newlib/_syscalls.o
                               0x8162 (size before relaxing)
 .debug_str     0x00072af0       0xd0 ./system/src/newlib/assert.o
                               0x89da (size before relaxing)
 .debug_str     0x00072bc0      0x176 ./system/src/diag/Trace.o
                               0x864d (size before relaxing)
 .debug_str     0x00072d36      0x37b ./system/src/diag/trace_impl.o
                              0x70973 (size before relaxing)
 .debug_str     0x000730b1       0x5e ./system/src/cortexm/_initialize_hardware.o
                              0x6f705 (size before relaxing)
 .debug_str     0x0007310f      0x19d ./system/src/cortexm/exception_handlers.o
                              0x70afd (size before relaxing)
 .debug_str     0x000732ac       0x46 ./system/src/cmsis/system_stm32f4xx.o
                              0x6f7e6 (size before relaxing)
 .debug_str     0x000732f2       0x59 ./system/src/cmsis/vectors_stm32f401xc.o
                               0x3865 (size before relaxing)
 .debug_str     0x0007334b      0x30e ./src/MCAL/MUART/MUART_Prog.o
                               0x309f (size before relaxing)
 .debug_str     0x00073659      0x5cc ./src/MCAL/MRCC/MRCC_Prog.o
                               0x34c5 (size before relaxing)
 .debug_str     0x00073c25      0x287 ./src/MCAL/MNVIC/MNVIC_Prog.o
                               0x3187 (size before relaxing)
 .debug_str     0x00073eac      0x6da ./src/MCAL/MGPIO/MGPIO_Prog.o
                               0x3580 (size before relaxing)
 .debug_str     0x00074586      0x453 ./src/MCAL/MEXTI/MEXTI_Prog.o
                               0x330d (size before relaxing)
 .debug_str     0x000749d9      0x24f ./src/MCAL/MADC/MADC_Prog.o
                               0x3485 (size before relaxing)
 .debug_str     0x00074c28       0x91 ./src/LIB/Delay/Delay_Prog.o
                               0x2f37 (size before relaxing)
 .debug_str     0x00074cb9      0x117 ./src/HAL/Ultrasonic/Ultrasonic_Prog.o
                               0x33a4 (size before relaxing)
 .debug_str     0x00074dd0      0x126 ./src/HAL/Switch/Switch_Prog.o
                               0x33e5 (size before relaxing)
 .debug_str     0x00074ef6      0x164 ./src/HAL/Push_Button/Push_Button_Prog.o
                               0x3460 (size before relaxing)
 .debug_str     0x0007505a       0xf8 ./src/HAL/MPX4115/MPX4115_Prog.o
                               0x3509 (size before relaxing)
 .debug_str     0x00075152       0xcb ./src/HAL/LM35/LM35_Prog.o
                               0x34dc (size before relaxing)
 .debug_str     0x0007521d      0x100 ./src/HAL/LED/LED_Prog.o
                               0x3374 (size before relaxing)
 .debug_str     0x0007531d      0x38d ./src/HAL/LCD/LCD_Prog.o
                               0x35fe (size before relaxing)
 .debug_str     0x000756aa      0x1df ./src/HAL/KeyPad/KeyPad_Prog.o
                               0x34bd (size before relaxing)
 .debug_str     0x00075889      0x133 ./src/HAL/DC_MOTOR/DC_Motor_Prog.o
                               0x339f (size before relaxing)
 .debug_str     0x000759bc      0x1a6 ./src/HAL/Buzzer/Buzzer_Prog.o
                               0x3476 (size before relaxing)
 .debug_str     0x00075b62       0x31 ./src/_initialize_hardware.o
                              0x6f8fc (size before relaxing)
 .debug_str     0x00075b93      0x101 ./src/main.o
                               0x7816 (size before relaxing)
 .debug_str     0x00075c94       0x3d ./src/stm32f4xx_hal_msp.o
                              0x6f64d (size before relaxing)

.debug_loc      0x00000000     0x3002
 *(.debug_loc)
 .debug_loc     0x00000000       0x92 ./system/src/stm32f4-hal/stm32f4xx_hal.o
 .debug_loc     0x00000092      0x73b ./system/src/stm32f4-hal/stm32f4xx_hal_cortex.o
 .debug_loc     0x000007cd      0x50a ./system/src/stm32f4-hal/stm32f4xx_hal_rcc.o
 .debug_loc     0x00000cd7       0x85 ./system/src/newlib/_sbrk.o
 .debug_loc     0x00000d5c      0x2cb ./system/src/newlib/_startup.o
 .debug_loc     0x00001027       0x63 ./system/src/newlib/_syscalls.o
 .debug_loc     0x0000108a      0x134 ./system/src/newlib/assert.o
 .debug_loc     0x000011be       0xf6 ./system/src/diag/Trace.o
 .debug_loc     0x000012b4      0x121 ./system/src/diag/trace_impl.o
 .debug_loc     0x000013d5      0x291 ./system/src/cortexm/exception_handlers.o
 .debug_loc     0x00001666      0x13e ./system/src/cmsis/system_stm32f4xx.o
 .debug_loc     0x000017a4       0x2a ./src/MCAL/MUART/MUART_Prog.o
 .debug_loc     0x000017ce       0xee ./src/MCAL/MRCC/MRCC_Prog.o
 .debug_loc     0x000018bc      0x250 ./src/MCAL/MNVIC/MNVIC_Prog.o
 .debug_loc     0x00001b0c      0xa12 ./src/MCAL/MGPIO/MGPIO_Prog.o
 .debug_loc     0x0000251e      0x1d9 ./src/MCAL/MEXTI/MEXTI_Prog.o
 .debug_loc     0x000026f7       0x4d ./src/MCAL/MADC/MADC_Prog.o
 .debug_loc     0x00002744       0x4b ./src/HAL/Ultrasonic/Ultrasonic_Prog.o
 .debug_loc     0x0000278f       0xb9 ./src/HAL/Switch/Switch_Prog.o
 .debug_loc     0x00002848       0xb9 ./src/HAL/Push_Button/Push_Button_Prog.o
 .debug_loc     0x00002901       0x2e ./src/HAL/MPX4115/MPX4115_Prog.o
 .debug_loc     0x0000292f       0x1e ./src/HAL/LM35/LM35_Prog.o
 .debug_loc     0x0000294d      0x14c ./src/HAL/LED/LED_Prog.o
 .debug_loc     0x00002a99      0x1f2 ./src/HAL/LCD/LCD_Prog.o
 .debug_loc     0x00002c8b       0xbf ./src/HAL/KeyPad/KeyPad_Prog.o
 .debug_loc     0x00002d4a       0x6c ./src/HAL/DC_MOTOR/DC_Motor_Prog.o
 .debug_loc     0x00002db6      0x1ce ./src/HAL/Buzzer/Buzzer_Prog.o
 .debug_loc     0x00002f84       0x7e ./src/main.o

.debug_macinfo
 *(.debug_macinfo)

.debug_weaknames
 *(.debug_weaknames)

.debug_funcnames
 *(.debug_funcnames)

.debug_typenames
 *(.debug_typenames)

.debug_varnames
 *(.debug_varnames)
OUTPUT(ITI_Final.elf elf32-littlearm)

.debug_ranges   0x00000000      0x7b0
 .debug_ranges  0x00000000       0xb0 ./system/src/stm32f4-hal/stm32f4xx_hal.o
 .debug_ranges  0x000000b0       0xe8 ./system/src/stm32f4-hal/stm32f4xx_hal_cortex.o
 .debug_ranges  0x00000198       0x78 ./system/src/stm32f4-hal/stm32f4xx_hal_rcc.o
 .debug_ranges  0x00000210       0x18 ./system/src/newlib/_exit.o
 .debug_ranges  0x00000228       0x10 ./system/src/newlib/_sbrk.o
 .debug_ranges  0x00000238       0x90 ./system/src/newlib/_startup.o
 .debug_ranges  0x000002c8       0x20 ./system/src/newlib/_syscalls.o
 .debug_ranges  0x000002e8       0x18 ./system/src/newlib/assert.o
 .debug_ranges  0x00000300       0x28 ./system/src/diag/Trace.o
 .debug_ranges  0x00000328       0x50 ./system/src/diag/trace_impl.o
 .debug_ranges  0x00000378       0x18 ./system/src/cortexm/_initialize_hardware.o
 .debug_ranges  0x00000390       0x80 ./system/src/cortexm/exception_handlers.o
 .debug_ranges  0x00000410       0x18 ./system/src/cmsis/system_stm32f4xx.o
 .debug_ranges  0x00000428       0x10 ./system/src/cmsis/vectors_stm32f401xc.o
 .debug_ranges  0x00000438       0x60 ./src/MCAL/MUART/MUART_Prog.o
 .debug_ranges  0x00000498       0x28 ./src/MCAL/MRCC/MRCC_Prog.o
 .debug_ranges  0x000004c0       0x30 ./src/MCAL/MNVIC/MNVIC_Prog.o
 .debug_ranges  0x000004f0       0x60 ./src/MCAL/MGPIO/MGPIO_Prog.o
 .debug_ranges  0x00000550       0x50 ./src/MCAL/MEXTI/MEXTI_Prog.o
 .debug_ranges  0x000005a0       0x20 ./src/MCAL/MADC/MADC_Prog.o
 .debug_ranges  0x000005c0       0x18 ./src/LIB/Delay/Delay_Prog.o
 .debug_ranges  0x000005d8       0x18 ./src/HAL/Ultrasonic/Ultrasonic_Prog.o
 .debug_ranges  0x000005f0       0x18 ./src/HAL/Switch/Switch_Prog.o
 .debug_ranges  0x00000608       0x18 ./src/HAL/Push_Button/Push_Button_Prog.o
 .debug_ranges  0x00000620       0x18 ./src/HAL/MPX4115/MPX4115_Prog.o
 .debug_ranges  0x00000638       0x10 ./src/HAL/LM35/LM35_Prog.o
 .debug_ranges  0x00000648       0x28 ./src/HAL/LED/LED_Prog.o
 .debug_ranges  0x00000670       0x48 ./src/HAL/LCD/LCD_Prog.o
 .debug_ranges  0x000006b8       0x18 ./src/HAL/KeyPad/KeyPad_Prog.o
 .debug_ranges  0x000006d0       0x18 ./src/HAL/DC_MOTOR/DC_Motor_Prog.o
 .debug_ranges  0x000006e8       0x40 ./src/HAL/Buzzer/Buzzer_Prog.o
 .debug_ranges  0x00000728       0x18 ./src/_initialize_hardware.o
 .debug_ranges  0x00000740       0x48 ./src/main.o
 .debug_ranges  0x00000788       0x28 ./src/stm32f4xx_hal_msp.o

.debug_macro    0x00000000    0x15d32
 .debug_macro   0x00000000      0x532 ./system/src/stm32f4-hal/stm32f4xx_hal.o
 .debug_macro   0x00000532      0xa6c ./system/src/stm32f4-hal/stm32f4xx_hal.o
 .debug_macro   0x00000f9e      0x289 ./system/src/stm32f4-hal/stm32f4xx_hal.o
 .debug_macro   0x00001227       0x31 ./system/src/stm32f4-hal/stm32f4xx_hal.o
 .debug_macro   0x00001258       0x28 ./system/src/stm32f4-hal/stm32f4xx_hal.o
 .debug_macro   0x00001280      0x34e ./system/src/stm32f4-hal/stm32f4xx_hal.o
 .debug_macro   0x000015ce       0x35 ./system/src/stm32f4-hal/stm32f4xx_hal.o
 .debug_macro   0x00001603       0x50 ./system/src/stm32f4-hal/stm32f4xx_hal.o
 .debug_macro   0x00001653      0xe66 ./system/src/stm32f4-hal/stm32f4xx_hal.o
 .debug_macro   0x000024b9     0x5099 ./system/src/stm32f4-hal/stm32f4xx_hal.o
 .debug_macro   0x00007552       0x43 ./system/src/stm32f4-hal/stm32f4xx_hal.o
 .debug_macro   0x00007595     0x347f ./system/src/stm32f4-hal/stm32f4xx_hal.o
 .debug_macro   0x0000aa14       0x22 ./system/src/stm32f4-hal/stm32f4xx_hal.o
 .debug_macro   0x0000aa36       0x52 ./system/src/stm32f4-hal/stm32f4xx_hal.o
 .debug_macro   0x0000aa88       0x17 ./system/src/stm32f4-hal/stm32f4xx_hal.o
 .debug_macro   0x0000aa9f       0x8d ./system/src/stm32f4-hal/stm32f4xx_hal.o
 .debug_macro   0x0000ab2c       0x35 ./system/src/stm32f4-hal/stm32f4xx_hal.o
 .debug_macro   0x0000ab61       0x9c ./system/src/stm32f4-hal/stm32f4xx_hal.o
 .debug_macro   0x0000abfd       0x16 ./system/src/stm32f4-hal/stm32f4xx_hal.o
 .debug_macro   0x0000ac13       0x57 ./system/src/stm32f4-hal/stm32f4xx_hal.o
 .debug_macro   0x0000ac6a       0x97 ./system/src/stm32f4-hal/stm32f4xx_hal.o
 .debug_macro   0x0000ad01      0x330 ./system/src/stm32f4-hal/stm32f4xx_hal.o
 .debug_macro   0x0000b031       0xfd ./system/src/stm32f4-hal/stm32f4xx_hal.o
 .debug_macro   0x0000b12e       0x10 ./system/src/stm32f4-hal/stm32f4xx_hal.o
 .debug_macro   0x0000b13e       0x58 ./system/src/stm32f4-hal/stm32f4xx_hal.o
 .debug_macro   0x0000b196       0x1f ./system/src/stm32f4-hal/stm32f4xx_hal.o
 .debug_macro   0x0000b1b5       0x43 ./system/src/stm32f4-hal/stm32f4xx_hal.o
 .debug_macro   0x0000b1f8       0x20 ./system/src/stm32f4-hal/stm32f4xx_hal.o
 .debug_macro   0x0000b218      0x18e ./system/src/stm32f4-hal/stm32f4xx_hal.o
 .debug_macro   0x0000b3a6       0x10 ./system/src/stm32f4-hal/stm32f4xx_hal.o
 .debug_macro   0x0000b3b6       0x6a ./system/src/stm32f4-hal/stm32f4xx_hal.o
 .debug_macro   0x0000b420       0x1c ./system/src/stm32f4-hal/stm32f4xx_hal.o
 .debug_macro   0x0000b43c       0x52 ./system/src/stm32f4-hal/stm32f4xx_hal.o
 .debug_macro   0x0000b48e       0x40 ./system/src/stm32f4-hal/stm32f4xx_hal.o
 .debug_macro   0x0000b4ce       0x10 ./system/src/stm32f4-hal/stm32f4xx_hal.o
 .debug_macro   0x0000b4de       0x40 ./system/src/stm32f4-hal/stm32f4xx_hal.o
 .debug_macro   0x0000b51e       0xd7 ./system/src/stm32f4-hal/stm32f4xx_hal.o
 .debug_macro   0x0000b5f5       0x1c ./system/src/stm32f4-hal/stm32f4xx_hal.o
 .debug_macro   0x0000b611       0x3d ./system/src/stm32f4-hal/stm32f4xx_hal.o
 .debug_macro   0x0000b64e       0x16 ./system/src/stm32f4-hal/stm32f4xx_hal.o
 .debug_macro   0x0000b664      0x16f ./system/src/stm32f4-hal/stm32f4xx_hal.o
 .debug_macro   0x0000b7d3       0x57 ./system/src/stm32f4-hal/stm32f4xx_hal.o
 .debug_macro   0x0000b82a      0x424 ./system/src/stm32f4-hal/stm32f4xx_hal.o
 .debug_macro   0x0000bc4e      0x9e1 ./system/src/stm32f4-hal/stm32f4xx_hal.o
 .debug_macro   0x0000c62f      0x11e ./system/src/stm32f4-hal/stm32f4xx_hal.o
 .debug_macro   0x0000c74d       0xf8 ./system/src/stm32f4-hal/stm32f4xx_hal.o
 .debug_macro   0x0000c845       0x27 ./system/src/stm32f4-hal/stm32f4xx_hal.o
 .debug_macro   0x0000c86c      0x287 ./system/src/stm32f4-hal/stm32f4xx_hal.o
 .debug_macro   0x0000caf3       0x5f ./system/src/stm32f4-hal/stm32f4xx_hal.o
 .debug_macro   0x0000cb52      0x23a ./system/src/stm32f4-hal/stm32f4xx_hal.o
 .debug_macro   0x0000cd8c      0x391 ./system/src/stm32f4-hal/stm32f4xx_hal.o
 .debug_macro   0x0000d11d      0x16f ./system/src/stm32f4-hal/stm32f4xx_hal.o
 .debug_macro   0x0000d28c       0xf9 ./system/src/stm32f4-hal/stm32f4xx_hal.o
 .debug_macro   0x0000d385       0x23 ./system/src/stm32f4-hal/stm32f4xx_hal.o
 .debug_macro   0x0000d3a8      0x13a ./system/src/stm32f4-hal/stm32f4xx_hal.o
 .debug_macro   0x0000d4e2      0x23a ./system/src/stm32f4-hal/stm32f4xx_hal.o
 .debug_macro   0x0000d71c       0x2e ./system/src/stm32f4-hal/stm32f4xx_hal.o
 .debug_macro   0x0000d74a      0x1a7 ./system/src/stm32f4-hal/stm32f4xx_hal.o
 .debug_macro   0x0000d8f1       0x22 ./system/src/stm32f4-hal/stm32f4xx_hal.o
 .debug_macro   0x0000d913       0xa5 ./system/src/stm32f4-hal/stm32f4xx_hal.o
 .debug_macro   0x0000d9b8      0x18b ./system/src/stm32f4-hal/stm32f4xx_hal.o
 .debug_macro   0x0000db43       0x24 ./system/src/stm32f4-hal/stm32f4xx_hal.o
 .debug_macro   0x0000db67       0x35 ./system/src/stm32f4-hal/stm32f4xx_hal.o
 .debug_macro   0x0000db9c       0x79 ./system/src/stm32f4-hal/stm32f4xx_hal.o
 .debug_macro   0x0000dc15      0x11e ./system/src/stm32f4-hal/stm32f4xx_hal.o
 .debug_macro   0x0000dd33       0x85 ./system/src/stm32f4-hal/stm32f4xx_hal.o
 .debug_macro   0x0000ddb8       0x89 ./system/src/stm32f4-hal/stm32f4xx_hal.o
 .debug_macro   0x0000de41      0x31a ./system/src/stm32f4-hal/stm32f4xx_hal.o
 .debug_macro   0x0000e15b      0x409 ./system/src/stm32f4-hal/stm32f4xx_hal.o
 .debug_macro   0x0000e564       0xe4 ./system/src/stm32f4-hal/stm32f4xx_hal.o
 .debug_macro   0x0000e648      0x48d ./system/src/stm32f4-hal/stm32f4xx_hal.o
 .debug_macro   0x0000ead5      0x22b ./system/src/stm32f4-hal/stm32f4xx_hal.o
 .debug_macro   0x0000ed00      0x202 ./system/src/stm32f4-hal/stm32f4xx_hal.o
 .debug_macro   0x0000ef02      0x6d9 ./system/src/stm32f4-hal/stm32f4xx_hal.o
 .debug_macro   0x0000f5db       0x5b ./system/src/stm32f4-hal/stm32f4xx_hal.o
 .debug_macro   0x0000f636      0x14d ./system/src/stm32f4-hal/stm32f4xx_hal.o
 .debug_macro   0x0000f783      0x287 ./system/src/stm32f4-hal/stm32f4xx_hal.o
 .debug_macro   0x0000fa0a      0x225 ./system/src/stm32f4-hal/stm32f4xx_hal.o
 .debug_macro   0x0000fc2f      0x1b5 ./system/src/stm32f4-hal/stm32f4xx_hal.o
 .debug_macro   0x0000fde4      0x2db ./system/src/stm32f4-hal/stm32f4xx_hal.o
 .debug_macro   0x000100bf       0x89 ./system/src/stm32f4-hal/stm32f4xx_hal.o
 .debug_macro   0x00010148      0x1df ./system/src/stm32f4-hal/stm32f4xx_hal.o
 .debug_macro   0x00010327      0x115 ./system/src/stm32f4-hal/stm32f4xx_hal.o
 .debug_macro   0x0001043c       0x6e ./system/src/stm32f4-hal/stm32f4xx_hal.o
 .debug_macro   0x000104aa      0x11e ./system/src/stm32f4-hal/stm32f4xx_hal.o
 .debug_macro   0x000105c8      0x4e4 ./system/src/stm32f4-hal/stm32f4xx_hal_cortex.o
 .debug_macro   0x00010aac      0x50e ./system/src/stm32f4-hal/stm32f4xx_hal_rcc.o
 .debug_macro   0x00010fba      0x1b4 ./system/src/newlib/_exit.o
 .debug_macro   0x0001116e      0x10e ./system/src/newlib/_exit.o
 .debug_macro   0x0001127c       0x8d ./system/src/newlib/_exit.o
 .debug_macro   0x00011309       0x35 ./system/src/newlib/_exit.o
 .debug_macro   0x0001133e      0x169 ./system/src/newlib/_sbrk.o
 .debug_macro   0x000114a7      0x174 ./system/src/newlib/_sbrk.o
 .debug_macro   0x0001161b       0x10 ./system/src/newlib/_sbrk.o
 .debug_macro   0x0001162b      0x23b ./system/src/newlib/_sbrk.o
 .debug_macro   0x00011866      0x173 ./system/src/newlib/_startup.o
 .debug_macro   0x000119d9      0xa72 ./system/src/newlib/_startup.o
 .debug_macro   0x0001244b      0x217 ./system/src/newlib/_syscalls.o
 .debug_macro   0x00012662       0x1c ./system/src/newlib/_syscalls.o
 .debug_macro   0x0001267e       0x10 ./system/src/newlib/_syscalls.o
 .debug_macro   0x0001268e       0x10 ./system/src/newlib/_syscalls.o
 .debug_macro   0x0001269e       0x10 ./system/src/newlib/_syscalls.o
 .debug_macro   0x000126ae       0x35 ./system/src/newlib/_syscalls.o
 .debug_macro   0x000126e3      0x122 ./system/src/newlib/_syscalls.o
 .debug_macro   0x00012805       0x88 ./system/src/newlib/_syscalls.o
 .debug_macro   0x0001288d       0x2b ./system/src/newlib/_syscalls.o
 .debug_macro   0x000128b8      0x118 ./system/src/newlib/_syscalls.o
 .debug_macro   0x000129d0      0x189 ./system/src/newlib/_syscalls.o
 .debug_macro   0x00012b59       0x16 ./system/src/newlib/_syscalls.o
 .debug_macro   0x00012b6f      0x1d0 ./system/src/newlib/assert.o
 .debug_macro   0x00012d3f       0x1c ./system/src/newlib/assert.o
 .debug_macro   0x00012d5b      0x1fb ./system/src/diag/Trace.o
 .debug_macro   0x00012f56       0x4c ./system/src/diag/Trace.o
 .debug_macro   0x00012fa2       0x16 ./system/src/diag/Trace.o
 .debug_macro   0x00012fb8      0x52a ./system/src/diag/trace_impl.o
 .debug_macro   0x000134e2       0x22 ./system/src/diag/trace_impl.o
 .debug_macro   0x00013504      0x4ee ./system/src/cortexm/_initialize_hardware.o
 .debug_macro   0x000139f2      0x557 ./system/src/cortexm/exception_handlers.o
 .debug_macro   0x00013f49       0x3b ./system/src/cortexm/exception_handlers.o
 .debug_macro   0x00013f84      0x4ea ./system/src/cmsis/system_stm32f4xx.o
 .debug_macro   0x0001446e       0x34 ./system/src/cmsis/vectors_stm32f401xc.o
 .debug_macro   0x000144a2       0x40 ./src/MCAL/MUART/MUART_Prog.o